V5.2 ArduPlane JSON adapter log
2026-08-25 19:20:25.420 | ADAPTER_CREATED | run_dir=E:\动力学搭建\成品\UAV_Autotune_v5_4_1_Validation_Fix\results\v5_4_1\campaigns\20260825_184700_426_repeatability_level2\roll\trial_3\20260825_192012_939_native_roll_autotune_repeat_3
2026-08-25 19:20:25.468 | STATE | STARTING -> WAITING_FOR_SITL | UDP listener ready
2026-08-25 19:20:25.473 | UDP_LISTEN | local=0.0.0.0:9002
2026-08-25 19:20:25.954 | STATE | WAITING_FOR_SITL -> CONNECTED | First valid servo frame received
2026-08-25 19:20:25.959 | BIDIRECTIONAL_HANDSHAKE | sender=172.26.48.113:37935 frame=0
2026-08-25 19:20:26.134 | RATE_BOOTSTRAP | initial_request_hz=1200.000 applied_step_s=0.020000
2026-08-25 19:20:26.211 | STATE | CONNECTED -> READY | Fresh frame=1 timestamp=0.020000 and PWM mapping valid
2026-08-25 19:20:26.218 | STATE | READY -> RUNNING | Lock-step exchange active
2026-08-25 19:20:31.952 | LOCKSTEP | t=0.980 tx=50 rx=100 frame=50 dropped=0 invalid=0
2026-08-25 19:20:37.224 | LOCKSTEP | t=1.980 tx=100 rx=200 frame=100 dropped=0 invalid=0
2026-08-25 19:20:41.822 | LOCKSTEP | t=2.980 tx=150 rx=300 frame=150 dropped=0 invalid=0
2026-08-25 19:20:46.526 | LOCKSTEP | t=3.980 tx=200 rx=400 frame=200 dropped=0 invalid=0
2026-08-25 19:20:51.330 | LOCKSTEP | t=4.980 tx=250 rx=500 frame=250 dropped=0 invalid=0
2026-08-25 19:20:56.142 | LOCKSTEP | t=5.980 tx=300 rx=600 frame=300 dropped=0 invalid=0
2026-08-25 19:21:00.497 | LOCKSTEP | t=6.980 tx=350 rx=700 frame=350 dropped=0 invalid=0
2026-08-25 19:21:05.005 | LOCKSTEP | t=7.980 tx=400 rx=800 frame=400 dropped=0 invalid=0
2026-08-25 19:21:09.537 | LOCKSTEP | t=8.980 tx=450 rx=900 frame=450 dropped=0 invalid=0
2026-08-25 19:21:14.028 | LOCKSTEP | t=9.980 tx=500 rx=1000 frame=500 dropped=0 invalid=0
2026-08-25 19:21:18.502 | LOCKSTEP | t=10.980 tx=550 rx=1100 frame=550 dropped=0 invalid=0
2026-08-25 19:21:22.957 | LOCKSTEP | t=11.980 tx=600 rx=1200 frame=600 dropped=0 invalid=0
2026-08-25 19:21:27.555 | LOCKSTEP | t=12.980 tx=650 rx=1300 frame=650 dropped=0 invalid=0
2026-08-25 19:21:32.049 | LOCKSTEP | t=13.980 tx=700 rx=1400 frame=700 dropped=0 invalid=0
2026-08-25 19:21:36.487 | LOCKSTEP | t=14.980 tx=750 rx=1500 frame=750 dropped=0 invalid=0
2026-08-25 19:21:41.001 | LOCKSTEP | t=15.980 tx=800 rx=1600 frame=800 dropped=0 invalid=0
2026-08-25 19:21:45.561 | LOCKSTEP | t=16.980 tx=850 rx=1700 frame=850 dropped=0 invalid=0
2026-08-25 19:21:50.155 | LOCKSTEP | t=17.980 tx=900 rx=1800 frame=900 dropped=0 invalid=0
2026-08-25 19:21:54.830 | LOCKSTEP | t=18.980 tx=950 rx=1900 frame=950 dropped=0 invalid=0
2026-08-25 19:21:59.596 | LOCKSTEP | t=19.980 tx=1000 rx=2000 frame=1000 dropped=0 invalid=0
2026-08-25 19:22:04.534 | LOCKSTEP | t=20.980 tx=1050 rx=2100 frame=1050 dropped=0 invalid=0
2026-08-25 19:22:09.131 | LOCKSTEP | t=21.980 tx=1100 rx=2200 frame=1100 dropped=0 invalid=0
2026-08-25 19:22:13.661 | LOCKSTEP | t=22.980 tx=1150 rx=2300 frame=1150 dropped=0 invalid=0
2026-08-25 19:22:18.211 | LOCKSTEP | t=23.980 tx=1200 rx=2400 frame=1200 dropped=0 invalid=0
2026-08-25 19:22:22.680 | LOCKSTEP | t=24.980 tx=1250 rx=2500 frame=1250 dropped=0 invalid=0
2026-08-25 19:22:27.253 | LOCKSTEP | t=25.980 tx=1300 rx=2600 frame=1300 dropped=0 invalid=0
2026-08-25 19:22:31.607 | LOCKSTEP | t=26.980 tx=1350 rx=2700 frame=1350 dropped=0 invalid=0
2026-08-25 19:22:35.967 | LOCKSTEP | t=27.980 tx=1400 rx=2800 frame=1400 dropped=0 invalid=0
2026-08-25 19:22:40.337 | LOCKSTEP | t=28.980 tx=1450 rx=2900 frame=1450 dropped=0 invalid=0
2026-08-25 19:22:44.568 | LOCKSTEP | t=29.980 tx=1500 rx=3000 frame=1500 dropped=0 invalid=0
2026-08-25 19:22:48.957 | LOCKSTEP | t=30.980 tx=1550 rx=3100 frame=1550 dropped=0 invalid=0
2026-08-25 19:22:53.709 | LOCKSTEP | t=31.980 tx=1600 rx=3200 frame=1600 dropped=0 invalid=0
2026-08-25 19:22:58.937 | LOCKSTEP | t=32.980 tx=1650 rx=3300 frame=1650 dropped=0 invalid=0
2026-08-25 19:23:03.334 | LOCKSTEP | t=33.980 tx=1700 rx=3400 frame=1700 dropped=0 invalid=0
2026-08-25 19:23:07.675 | LOCKSTEP | t=34.980 tx=1750 rx=3500 frame=1750 dropped=0 invalid=0
2026-08-25 19:23:11.968 | LOCKSTEP | t=35.980 tx=1800 rx=3600 frame=1800 dropped=0 invalid=0
2026-08-25 19:23:16.255 | LOCKSTEP | t=36.980 tx=1850 rx=3700 frame=1850 dropped=0 invalid=0
2026-08-25 19:23:20.580 | LOCKSTEP | t=37.980 tx=1900 rx=3800 frame=1900 dropped=0 invalid=0
2026-08-25 19:23:24.889 | LOCKSTEP | t=38.980 tx=1950 rx=3900 frame=1950 dropped=0 invalid=0
2026-08-25 19:23:29.215 | LOCKSTEP | t=39.980 tx=2000 rx=4000 frame=2000 dropped=0 invalid=0
2026-08-25 19:23:33.562 | LOCKSTEP | t=40.980 tx=2050 rx=4100 frame=2050 dropped=0 invalid=0
2026-08-25 19:23:37.888 | LOCKSTEP | t=41.980 tx=2100 rx=4200 frame=2100 dropped=0 invalid=0
2026-08-25 19:23:42.457 | LOCKSTEP | t=42.980 tx=2150 rx=4300 frame=2150 dropped=0 invalid=0
2026-08-25 19:23:46.902 | LOCKSTEP | t=43.980 tx=2200 rx=4400 frame=2200 dropped=0 invalid=0
2026-08-25 19:23:51.313 | LOCKSTEP | t=44.980 tx=2250 rx=4500 frame=2250 dropped=0 invalid=0
2026-08-25 19:23:55.718 | LOCKSTEP | t=45.980 tx=2300 rx=4600 frame=2300 dropped=0 invalid=0
2026-08-25 19:24:00.107 | LOCKSTEP | t=46.980 tx=2350 rx=4700 frame=2350 dropped=0 invalid=0
2026-08-25 19:24:04.460 | LOCKSTEP | t=47.980 tx=2400 rx=4800 frame=2400 dropped=0 invalid=0
2026-08-25 19:24:08.793 | LOCKSTEP | t=48.980 tx=2450 rx=4900 frame=2450 dropped=0 invalid=0
2026-08-25 19:24:13.136 | LOCKSTEP | t=49.980 tx=2500 rx=5000 frame=2500 dropped=0 invalid=0
2026-08-25 19:24:17.465 | LOCKSTEP | t=50.980 tx=2550 rx=5100 frame=2550 dropped=0 invalid=0
2026-08-25 19:24:21.688 | LOCKSTEP | t=51.980 tx=2600 rx=5200 frame=2600 dropped=0 invalid=0
2026-08-25 19:24:25.945 | LOCKSTEP | t=52.980 tx=2650 rx=5300 frame=2650 dropped=0 invalid=0
2026-08-25 19:24:30.269 | LOCKSTEP | t=53.980 tx=2700 rx=5400 frame=2700 dropped=0 invalid=0
2026-08-25 19:24:34.584 | LOCKSTEP | t=54.980 tx=2750 rx=5500 frame=2750 dropped=0 invalid=0
2026-08-25 19:24:38.861 | LOCKSTEP | t=55.980 tx=2800 rx=5600 frame=2800 dropped=0 invalid=0
2026-08-25 19:24:43.098 | LOCKSTEP | t=56.980 tx=2850 rx=5700 frame=2850 dropped=0 invalid=0
2026-08-25 19:24:47.345 | LOCKSTEP | t=57.980 tx=2900 rx=5800 frame=2900 dropped=0 invalid=0
2026-08-25 19:24:51.596 | LOCKSTEP | t=58.980 tx=2950 rx=5900 frame=2950 dropped=0 invalid=0
2026-08-25 19:24:55.915 | LOCKSTEP | t=59.980 tx=3000 rx=6000 frame=3000 dropped=0 invalid=0
2026-08-25 19:25:00.197 | LOCKSTEP | t=60.980 tx=3050 rx=6100 frame=3050 dropped=0 invalid=0
2026-08-25 19:25:04.519 | LOCKSTEP | t=61.980 tx=3100 rx=6200 frame=3100 dropped=0 invalid=0
2026-08-25 19:25:08.811 | LOCKSTEP | t=62.980 tx=3150 rx=6300 frame=3150 dropped=0 invalid=0
2026-08-25 19:25:13.117 | LOCKSTEP | t=63.980 tx=3200 rx=6400 frame=3200 dropped=0 invalid=0
2026-08-25 19:25:17.417 | LOCKSTEP | t=64.980 tx=3250 rx=6500 frame=3250 dropped=0 invalid=0
2026-08-25 19:25:21.652 | LOCKSTEP | t=65.980 tx=3300 rx=6600 frame=3300 dropped=0 invalid=0
2026-08-25 19:25:25.903 | LOCKSTEP | t=66.980 tx=3350 rx=6700 frame=3350 dropped=0 invalid=0
2026-08-25 19:25:30.269 | LOCKSTEP | t=67.980 tx=3400 rx=6800 frame=3400 dropped=0 invalid=0
2026-08-25 19:25:34.484 | LOCKSTEP | t=68.980 tx=3450 rx=6900 frame=3450 dropped=0 invalid=0
2026-08-25 19:25:38.727 | LOCKSTEP | t=69.980 tx=3500 rx=7000 frame=3500 dropped=0 invalid=0
2026-08-25 19:25:42.984 | LOCKSTEP | t=70.980 tx=3550 rx=7100 frame=3550 dropped=0 invalid=0
2026-08-25 19:25:47.226 | LOCKSTEP | t=71.980 tx=3600 rx=7200 frame=3600 dropped=0 invalid=0
2026-08-25 19:25:51.440 | LOCKSTEP | t=72.980 tx=3650 rx=7300 frame=3650 dropped=0 invalid=0
2026-08-25 19:25:55.654 | LOCKSTEP | t=73.980 tx=3700 rx=7400 frame=3700 dropped=0 invalid=0
2026-08-25 19:26:00.192 | LOCKSTEP | t=74.980 tx=3750 rx=7500 frame=3750 dropped=0 invalid=0
2026-08-25 19:26:04.782 | LOCKSTEP | t=75.980 tx=3800 rx=7600 frame=3800 dropped=0 invalid=0
2026-08-25 19:26:09.310 | LOCKSTEP | t=76.980 tx=3850 rx=7700 frame=3850 dropped=0 invalid=0
2026-08-25 19:26:13.779 | LOCKSTEP | t=77.980 tx=3900 rx=7800 frame=3900 dropped=0 invalid=0
2026-08-25 19:26:18.101 | LOCKSTEP | t=78.980 tx=3950 rx=7900 frame=3950 dropped=0 invalid=0
2026-08-25 19:26:22.416 | LOCKSTEP | t=79.980 tx=4000 rx=8000 frame=4000 dropped=0 invalid=0
2026-08-25 19:26:26.731 | LOCKSTEP | t=80.980 tx=4050 rx=8100 frame=4050 dropped=0 invalid=0
2026-08-25 19:26:30.999 | LOCKSTEP | t=81.980 tx=4100 rx=8200 frame=4100 dropped=0 invalid=0
2026-08-25 19:26:35.263 | LOCKSTEP | t=82.980 tx=4150 rx=8300 frame=4150 dropped=0 invalid=0
2026-08-25 19:26:39.530 | LOCKSTEP | t=83.980 tx=4200 rx=8400 frame=4200 dropped=0 invalid=0
2026-08-25 19:26:43.790 | LOCKSTEP | t=84.980 tx=4250 rx=8500 frame=4250 dropped=0 invalid=0
2026-08-25 19:26:48.067 | LOCKSTEP | t=85.980 tx=4300 rx=8600 frame=4300 dropped=0 invalid=0
2026-08-25 19:26:52.296 | LOCKSTEP | t=86.980 tx=4350 rx=8700 frame=4350 dropped=0 invalid=0
2026-08-25 19:26:56.559 | LOCKSTEP | t=87.980 tx=4400 rx=8800 frame=4400 dropped=0 invalid=0
2026-08-25 19:27:00.803 | LOCKSTEP | t=88.980 tx=4450 rx=8900 frame=4450 dropped=0 invalid=0
2026-08-25 19:27:05.067 | LOCKSTEP | t=89.980 tx=4500 rx=9000 frame=4500 dropped=0 invalid=0
2026-08-25 19:27:09.338 | LOCKSTEP | t=90.980 tx=4550 rx=9100 frame=4550 dropped=0 invalid=0
2026-08-25 19:27:13.594 | LOCKSTEP | t=91.980 tx=4600 rx=9200 frame=4600 dropped=0 invalid=0
2026-08-25 19:27:17.869 | LOCKSTEP | t=92.980 tx=4650 rx=9300 frame=4650 dropped=0 invalid=0
2026-08-25 19:27:22.112 | LOCKSTEP | t=93.980 tx=4700 rx=9400 frame=4700 dropped=0 invalid=0
2026-08-25 19:27:26.391 | LOCKSTEP | t=94.980 tx=4750 rx=9500 frame=4750 dropped=0 invalid=0
2026-08-25 19:27:31.094 | LOCKSTEP | t=95.980 tx=4800 rx=9600 frame=4800 dropped=0 invalid=0
2026-08-25 19:27:35.439 | LOCKSTEP | t=96.980 tx=4850 rx=9700 frame=4850 dropped=0 invalid=0
2026-08-25 19:27:39.730 | LOCKSTEP | t=97.980 tx=4900 rx=9800 frame=4900 dropped=0 invalid=0
2026-08-25 19:27:44.018 | LOCKSTEP | t=98.980 tx=4950 rx=9900 frame=4950 dropped=0 invalid=0
2026-08-25 19:27:48.401 | LOCKSTEP | t=99.980 tx=5000 rx=10000 frame=5000 dropped=0 invalid=0
2026-08-25 19:27:52.830 | LOCKSTEP | t=100.980 tx=5050 rx=10100 frame=5050 dropped=0 invalid=0
2026-08-25 19:27:57.222 | LOCKSTEP | t=101.980 tx=5100 rx=10200 frame=5100 dropped=0 invalid=0
2026-08-25 19:28:01.672 | LOCKSTEP | t=102.980 tx=5150 rx=10300 frame=5150 dropped=0 invalid=0
2026-08-25 19:28:06.145 | LOCKSTEP | t=103.980 tx=5200 rx=10400 frame=5200 dropped=0 invalid=0
2026-08-25 19:28:10.575 | LOCKSTEP | t=104.980 tx=5250 rx=10500 frame=5250 dropped=0 invalid=0
2026-08-25 19:28:15.047 | LOCKSTEP | t=105.980 tx=5300 rx=10600 frame=5300 dropped=0 invalid=0
2026-08-25 19:28:19.714 | LOCKSTEP | t=106.980 tx=5350 rx=10700 frame=5350 dropped=0 invalid=0
2026-08-25 19:28:24.321 | LOCKSTEP | t=107.980 tx=5400 rx=10800 frame=5400 dropped=0 invalid=0
2026-08-25 19:28:29.059 | LOCKSTEP | t=108.980 tx=5450 rx=10900 frame=5450 dropped=0 invalid=0
2026-08-25 19:28:33.779 | LOCKSTEP | t=109.980 tx=5500 rx=11000 frame=5500 dropped=0 invalid=0
2026-08-25 19:28:38.520 | LOCKSTEP | t=110.980 tx=5550 rx=11100 frame=5550 dropped=0 invalid=0
2026-08-25 19:28:43.110 | LOCKSTEP | t=111.980 tx=5600 rx=11200 frame=5600 dropped=0 invalid=0
2026-08-25 19:28:47.709 | LOCKSTEP | t=112.980 tx=5650 rx=11300 frame=5650 dropped=0 invalid=0
2026-08-25 19:28:52.292 | LOCKSTEP | t=113.980 tx=5700 rx=11400 frame=5700 dropped=0 invalid=0
2026-08-25 19:28:56.990 | LOCKSTEP | t=114.980 tx=5750 rx=11500 frame=5750 dropped=0 invalid=0
2026-08-25 19:29:01.672 | LOCKSTEP | t=115.980 tx=5800 rx=11600 frame=5800 dropped=0 invalid=0
2026-08-25 19:29:06.241 | LOCKSTEP | t=116.980 tx=5850 rx=11700 frame=5850 dropped=0 invalid=0
2026-08-25 19:29:10.884 | LOCKSTEP | t=117.980 tx=5900 rx=11800 frame=5900 dropped=0 invalid=0
2026-08-25 19:29:15.447 | LOCKSTEP | t=118.980 tx=5950 rx=11900 frame=5950 dropped=0 invalid=0
2026-08-25 19:29:20.017 | LOCKSTEP | t=119.980 tx=6000 rx=12000 frame=6000 dropped=0 invalid=0
2026-08-25 19:29:24.646 | LOCKSTEP | t=120.980 tx=6050 rx=12100 frame=6050 dropped=0 invalid=0
2026-08-25 19:29:29.427 | LOCKSTEP | t=121.980 tx=6100 rx=12200 frame=6100 dropped=0 invalid=0
2026-08-25 19:29:34.037 | LOCKSTEP | t=122.980 tx=6150 rx=12300 frame=6150 dropped=0 invalid=0
2026-08-25 19:29:38.651 | LOCKSTEP | t=123.980 tx=6200 rx=12400 frame=6200 dropped=0 invalid=0
2026-08-25 19:29:43.407 | LOCKSTEP | t=124.980 tx=6250 rx=12500 frame=6250 dropped=0 invalid=0
2026-08-25 19:29:47.960 | LOCKSTEP | t=125.980 tx=6300 rx=12600 frame=6300 dropped=0 invalid=0
2026-08-25 19:29:52.515 | LOCKSTEP | t=126.980 tx=6350 rx=12700 frame=6350 dropped=0 invalid=0
2026-08-25 19:29:57.113 | LOCKSTEP | t=127.980 tx=6400 rx=12800 frame=6400 dropped=0 invalid=0
2026-08-25 19:30:01.718 | LOCKSTEP | t=128.980 tx=6450 rx=12900 frame=6450 dropped=0 invalid=0
2026-08-25 19:30:06.477 | LOCKSTEP | t=129.980 tx=6500 rx=13000 frame=6500 dropped=0 invalid=0
2026-08-25 19:30:11.103 | LOCKSTEP | t=130.980 tx=6550 rx=13100 frame=6550 dropped=0 invalid=0
2026-08-25 19:30:15.678 | LOCKSTEP | t=131.980 tx=6600 rx=13200 frame=6600 dropped=0 invalid=0
2026-08-25 19:30:20.303 | LOCKSTEP | t=132.980 tx=6650 rx=13300 frame=6650 dropped=0 invalid=0
2026-08-25 19:30:24.882 | LOCKSTEP | t=133.980 tx=6700 rx=13400 frame=6700 dropped=0 invalid=0
2026-08-25 19:30:29.634 | LOCKSTEP | t=134.980 tx=6750 rx=13500 frame=6750 dropped=0 invalid=0
2026-08-25 19:30:34.267 | LOCKSTEP | t=135.980 tx=6800 rx=13600 frame=6800 dropped=0 invalid=0
2026-08-25 19:30:39.296 | LOCKSTEP | t=136.980 tx=6850 rx=13700 frame=6850 dropped=0 invalid=0
2026-08-25 19:30:44.022 | LOCKSTEP | t=137.980 tx=6900 rx=13800 frame=6900 dropped=0 invalid=0
2026-08-25 19:30:48.870 | LOCKSTEP | t=138.980 tx=6950 rx=13900 frame=6950 dropped=0 invalid=0
2026-08-25 19:30:53.480 | LOCKSTEP | t=139.980 tx=7000 rx=14000 frame=7000 dropped=0 invalid=0
2026-08-25 19:30:58.361 | LOCKSTEP | t=140.980 tx=7050 rx=14100 frame=7050 dropped=0 invalid=0
2026-08-25 19:31:03.643 | LOCKSTEP | t=141.980 tx=7100 rx=14200 frame=7100 dropped=0 invalid=0
2026-08-25 19:31:08.643 | LOCKSTEP | t=142.980 tx=7150 rx=14300 frame=7150 dropped=0 invalid=0
2026-08-25 19:31:13.659 | LOCKSTEP | t=143.980 tx=7200 rx=14400 frame=7200 dropped=0 invalid=0
2026-08-25 19:31:18.692 | LOCKSTEP | t=144.980 tx=7250 rx=14500 frame=7250 dropped=0 invalid=0
2026-08-25 19:31:23.700 | LOCKSTEP | t=145.980 tx=7300 rx=14600 frame=7300 dropped=0 invalid=0
2026-08-25 19:31:28.684 | LOCKSTEP | t=146.980 tx=7350 rx=14700 frame=7350 dropped=0 invalid=0
2026-08-25 19:31:33.805 | LOCKSTEP | t=147.980 tx=7400 rx=14800 frame=7400 dropped=0 invalid=0
2026-08-25 19:31:38.830 | LOCKSTEP | t=148.980 tx=7450 rx=14900 frame=7450 dropped=0 invalid=0
2026-08-25 19:31:43.947 | LOCKSTEP | t=149.980 tx=7500 rx=15000 frame=7500 dropped=0 invalid=0
2026-08-25 19:31:49.325 | LOCKSTEP | t=150.980 tx=7550 rx=15100 frame=7550 dropped=0 invalid=0
2026-08-25 19:31:54.555 | LOCKSTEP | t=151.980 tx=7600 rx=15200 frame=7600 dropped=0 invalid=0
2026-08-25 19:31:59.573 | LOCKSTEP | t=152.980 tx=7650 rx=15300 frame=7650 dropped=0 invalid=0
2026-08-25 19:32:04.601 | LOCKSTEP | t=153.980 tx=7700 rx=15400 frame=7700 dropped=0 invalid=0
2026-08-25 19:32:09.482 | LOCKSTEP | t=154.980 tx=7750 rx=15500 frame=7750 dropped=0 invalid=0
2026-08-25 19:32:12.466 | OFFICIAL_FINISHED_EXCITATION_NEUTRAL | t=155.600
2026-08-25 19:32:14.196 | LOCKSTEP | t=155.980 tx=7800 rx=15600 frame=7800 dropped=0 invalid=0
2026-08-25 19:32:18.640 | LOCKSTEP | t=156.980 tx=7850 rx=15700 frame=7850 dropped=0 invalid=0
2026-08-25 19:32:23.061 | LOCKSTEP | t=157.980 tx=7900 rx=15800 frame=7900 dropped=0 invalid=0
2026-08-25 19:32:27.537 | LOCKSTEP | t=158.980 tx=7950 rx=15900 frame=7950 dropped=0 invalid=0
2026-08-25 19:32:32.044 | LOCKSTEP | t=159.980 tx=8000 rx=16000 frame=8000 dropped=0 invalid=0
2026-08-25 19:32:36.675 | LOCKSTEP | t=160.980 tx=8050 rx=16100 frame=8050 dropped=0 invalid=0
2026-08-25 19:32:41.137 | LOCKSTEP | t=161.980 tx=8100 rx=16200 frame=8100 dropped=0 invalid=0
2026-08-25 19:32:45.590 | LOCKSTEP | t=162.980 tx=8150 rx=16300 frame=8150 dropped=0 invalid=0
2026-08-25 19:32:50.082 | LOCKSTEP | t=163.980 tx=8200 rx=16400 frame=8200 dropped=0 invalid=0
2026-08-25 19:32:54.545 | LOCKSTEP | t=164.980 tx=8250 rx=16500 frame=8250 dropped=0 invalid=0
2026-08-25 19:32:59.129 | LOCKSTEP | t=165.980 tx=8300 rx=16600 frame=8300 dropped=0 invalid=0
2026-08-25 19:33:03.584 | LOCKSTEP | t=166.980 tx=8350 rx=16700 frame=8350 dropped=0 invalid=0
2026-08-25 19:33:08.068 | LOCKSTEP | t=167.980 tx=8400 rx=16800 frame=8400 dropped=0 invalid=0
2026-08-25 19:33:12.556 | LOCKSTEP | t=168.980 tx=8450 rx=16900 frame=8450 dropped=0 invalid=0
2026-08-25 19:33:17.038 | LOCKSTEP | t=169.980 tx=8500 rx=17000 frame=8500 dropped=0 invalid=0
2026-08-25 19:33:21.496 | LOCKSTEP | t=170.980 tx=8550 rx=17100 frame=8550 dropped=0 invalid=0
2026-08-25 19:33:25.997 | LOCKSTEP | t=171.980 tx=8600 rx=17200 frame=8600 dropped=0 invalid=0
2026-08-25 19:33:30.575 | LOCKSTEP | t=172.980 tx=8650 rx=17300 frame=8650 dropped=0 invalid=0
2026-08-25 19:33:34.984 | LOCKSTEP | t=173.980 tx=8700 rx=17400 frame=8700 dropped=0 invalid=0
2026-08-25 19:33:39.465 | LOCKSTEP | t=174.980 tx=8750 rx=17500 frame=8750 dropped=0 invalid=0
2026-08-25 19:33:43.915 | LOCKSTEP | t=175.980 tx=8800 rx=17600 frame=8800 dropped=0 invalid=0
2026-08-25 19:33:48.348 | LOCKSTEP | t=176.980 tx=8850 rx=17700 frame=8850 dropped=0 invalid=0
2026-08-25 19:33:52.784 | LOCKSTEP | t=177.980 tx=8900 rx=17800 frame=8900 dropped=0 invalid=0
2026-08-25 19:33:57.230 | LOCKSTEP | t=178.980 tx=8950 rx=17900 frame=8950 dropped=0 invalid=0
2026-08-25 19:34:01.748 | LOCKSTEP | t=179.980 tx=9000 rx=18000 frame=9000 dropped=0 invalid=0
2026-08-25 19:34:06.310 | LOCKSTEP | t=180.980 tx=9050 rx=18100 frame=9050 dropped=0 invalid=0
2026-08-25 19:34:10.759 | LOCKSTEP | t=181.980 tx=9100 rx=18200 frame=9100 dropped=0 invalid=0
2026-08-25 19:34:15.197 | LOCKSTEP | t=182.980 tx=9150 rx=18300 frame=9150 dropped=0 invalid=0
2026-08-25 19:34:15.317 | STATE | RUNNING -> STOPPING | Bridge delete requested
2026-08-25 19:34:15.477 | ADAPTER_CLOSED | tx=9151 rx=18302 dropped=0 invalid=0
