V5.2 ArduPlane JSON adapter log
2026-08-25 20:03:25.907 | ADAPTER_CREATED | run_dir=E:\动力学搭建\成品\UAV_Autotune_v5_4_1_Validation_Fix\results\v5_4_1\campaigns\20260825_184700_426_repeatability_level2\pitch\trial_3\20260825_200312_831_native_pitch_autotune_repeat_3
2026-08-25 20:03:25.964 | STATE | STARTING -> WAITING_FOR_SITL | UDP listener ready
2026-08-25 20:03:25.968 | UDP_LISTEN | local=0.0.0.0:9002
2026-08-25 20:03:26.264 | STATE | WAITING_FOR_SITL -> CONNECTED | First valid servo frame received
2026-08-25 20:03:26.268 | BIDIRECTIONAL_HANDSHAKE | sender=172.26.48.113:46788 frame=0
2026-08-25 20:03:26.455 | RATE_BOOTSTRAP | initial_request_hz=1200.000 applied_step_s=0.020000
2026-08-25 20:03:26.535 | STATE | CONNECTED -> READY | Fresh frame=1 timestamp=0.020000 and PWM mapping valid
2026-08-25 20:03:26.542 | STATE | READY -> RUNNING | Lock-step exchange active
2026-08-25 20:03:31.748 | LOCKSTEP | t=0.980 tx=50 rx=100 frame=50 dropped=0 invalid=0
2026-08-25 20:03:36.634 | LOCKSTEP | t=1.980 tx=100 rx=200 frame=100 dropped=0 invalid=0
2026-08-25 20:03:41.052 | LOCKSTEP | t=2.980 tx=150 rx=300 frame=150 dropped=0 invalid=0
2026-08-25 20:03:45.630 | LOCKSTEP | t=3.980 tx=200 rx=400 frame=200 dropped=0 invalid=0
2026-08-25 20:03:50.267 | LOCKSTEP | t=4.980 tx=250 rx=500 frame=250 dropped=0 invalid=0
2026-08-25 20:03:54.696 | LOCKSTEP | t=5.980 tx=300 rx=600 frame=300 dropped=0 invalid=0
2026-08-25 20:03:59.071 | LOCKSTEP | t=6.980 tx=350 rx=700 frame=350 dropped=0 invalid=0
2026-08-25 20:04:03.372 | LOCKSTEP | t=7.980 tx=400 rx=800 frame=400 dropped=0 invalid=0
2026-08-25 20:04:07.876 | LOCKSTEP | t=8.980 tx=450 rx=900 frame=450 dropped=0 invalid=0
2026-08-25 20:04:12.166 | LOCKSTEP | t=9.980 tx=500 rx=1000 frame=500 dropped=0 invalid=0
2026-08-25 20:04:16.631 | LOCKSTEP | t=10.980 tx=550 rx=1100 frame=550 dropped=0 invalid=0
2026-08-25 20:04:20.942 | LOCKSTEP | t=11.980 tx=600 rx=1200 frame=600 dropped=0 invalid=0
2026-08-25 20:04:25.265 | LOCKSTEP | t=12.980 tx=650 rx=1300 frame=650 dropped=0 invalid=0
2026-08-25 20:04:29.592 | LOCKSTEP | t=13.980 tx=700 rx=1400 frame=700 dropped=0 invalid=0
2026-08-25 20:04:33.851 | LOCKSTEP | t=14.980 tx=750 rx=1500 frame=750 dropped=0 invalid=0
2026-08-25 20:04:38.097 | LOCKSTEP | t=15.980 tx=800 rx=1600 frame=800 dropped=0 invalid=0
2026-08-25 20:04:42.370 | LOCKSTEP | t=16.980 tx=850 rx=1700 frame=850 dropped=0 invalid=0
2026-08-25 20:04:46.712 | LOCKSTEP | t=17.980 tx=900 rx=1800 frame=900 dropped=0 invalid=0
2026-08-25 20:04:51.042 | LOCKSTEP | t=18.980 tx=950 rx=1900 frame=950 dropped=0 invalid=0
2026-08-25 20:04:55.561 | LOCKSTEP | t=19.980 tx=1000 rx=2000 frame=1000 dropped=0 invalid=0
2026-08-25 20:04:59.990 | LOCKSTEP | t=20.980 tx=1050 rx=2100 frame=1050 dropped=0 invalid=0
2026-08-25 20:05:04.282 | LOCKSTEP | t=21.980 tx=1100 rx=2200 frame=1100 dropped=0 invalid=0
2026-08-25 20:05:08.507 | LOCKSTEP | t=22.980 tx=1150 rx=2300 frame=1150 dropped=0 invalid=0
2026-08-25 20:05:12.860 | LOCKSTEP | t=23.980 tx=1200 rx=2400 frame=1200 dropped=0 invalid=0
2026-08-25 20:05:17.165 | LOCKSTEP | t=24.980 tx=1250 rx=2500 frame=1250 dropped=0 invalid=0
2026-08-25 20:05:21.525 | LOCKSTEP | t=25.980 tx=1300 rx=2600 frame=1300 dropped=0 invalid=0
2026-08-25 20:05:25.912 | LOCKSTEP | t=26.980 tx=1350 rx=2700 frame=1350 dropped=0 invalid=0
2026-08-25 20:05:30.302 | LOCKSTEP | t=27.980 tx=1400 rx=2800 frame=1400 dropped=0 invalid=0
2026-08-25 20:05:34.672 | LOCKSTEP | t=28.980 tx=1450 rx=2900 frame=1450 dropped=0 invalid=0
2026-08-25 20:05:38.897 | LOCKSTEP | t=29.980 tx=1500 rx=3000 frame=1500 dropped=0 invalid=0
2026-08-25 20:05:43.195 | LOCKSTEP | t=30.980 tx=1550 rx=3100 frame=1550 dropped=0 invalid=0
2026-08-25 20:05:47.465 | LOCKSTEP | t=31.980 tx=1600 rx=3200 frame=1600 dropped=0 invalid=0
2026-08-25 20:05:51.730 | LOCKSTEP | t=32.980 tx=1650 rx=3300 frame=1650 dropped=0 invalid=0
2026-08-25 20:05:56.006 | LOCKSTEP | t=33.980 tx=1700 rx=3400 frame=1700 dropped=0 invalid=0
2026-08-25 20:06:00.379 | LOCKSTEP | t=34.980 tx=1750 rx=3500 frame=1750 dropped=0 invalid=0
2026-08-25 20:06:04.698 | LOCKSTEP | t=35.980 tx=1800 rx=3600 frame=1800 dropped=0 invalid=0
2026-08-25 20:06:08.970 | LOCKSTEP | t=36.980 tx=1850 rx=3700 frame=1850 dropped=0 invalid=0
2026-08-25 20:06:13.193 | LOCKSTEP | t=37.980 tx=1900 rx=3800 frame=1900 dropped=0 invalid=0
2026-08-25 20:06:17.446 | LOCKSTEP | t=38.980 tx=1950 rx=3900 frame=1950 dropped=0 invalid=0
2026-08-25 20:06:21.725 | LOCKSTEP | t=39.980 tx=2000 rx=4000 frame=2000 dropped=0 invalid=0
2026-08-25 20:06:26.090 | LOCKSTEP | t=40.980 tx=2050 rx=4100 frame=2050 dropped=0 invalid=0
2026-08-25 20:06:30.346 | LOCKSTEP | t=41.980 tx=2100 rx=4200 frame=2100 dropped=0 invalid=0
2026-08-25 20:06:34.676 | LOCKSTEP | t=42.980 tx=2150 rx=4300 frame=2150 dropped=0 invalid=0
2026-08-25 20:06:38.916 | LOCKSTEP | t=43.980 tx=2200 rx=4400 frame=2200 dropped=0 invalid=0
2026-08-25 20:06:43.199 | LOCKSTEP | t=44.980 tx=2250 rx=4500 frame=2250 dropped=0 invalid=0
2026-08-25 20:06:47.469 | LOCKSTEP | t=45.980 tx=2300 rx=4600 frame=2300 dropped=0 invalid=0
2026-08-25 20:06:51.779 | LOCKSTEP | t=46.980 tx=2350 rx=4700 frame=2350 dropped=0 invalid=0
2026-08-25 20:06:56.132 | LOCKSTEP | t=47.980 tx=2400 rx=4800 frame=2400 dropped=0 invalid=0
2026-08-25 20:07:00.440 | LOCKSTEP | t=48.980 tx=2450 rx=4900 frame=2450 dropped=0 invalid=0
2026-08-25 20:07:04.764 | LOCKSTEP | t=49.980 tx=2500 rx=5000 frame=2500 dropped=0 invalid=0
2026-08-25 20:07:09.044 | LOCKSTEP | t=50.980 tx=2550 rx=5100 frame=2550 dropped=0 invalid=0
2026-08-25 20:07:13.316 | LOCKSTEP | t=51.980 tx=2600 rx=5200 frame=2600 dropped=0 invalid=0
2026-08-25 20:07:17.583 | LOCKSTEP | t=52.980 tx=2650 rx=5300 frame=2650 dropped=0 invalid=0
2026-08-25 20:07:21.830 | LOCKSTEP | t=53.980 tx=2700 rx=5400 frame=2700 dropped=0 invalid=0
2026-08-25 20:07:26.248 | LOCKSTEP | t=54.980 tx=2750 rx=5500 frame=2750 dropped=0 invalid=0
2026-08-25 20:07:30.429 | LOCKSTEP | t=55.980 tx=2800 rx=5600 frame=2800 dropped=0 invalid=0
2026-08-25 20:07:34.736 | LOCKSTEP | t=56.980 tx=2850 rx=5700 frame=2850 dropped=0 invalid=0
2026-08-25 20:07:39.031 | LOCKSTEP | t=57.980 tx=2900 rx=5800 frame=2900 dropped=0 invalid=0
2026-08-25 20:07:43.746 | LOCKSTEP | t=58.980 tx=2950 rx=5900 frame=2950 dropped=0 invalid=0
2026-08-25 20:07:47.973 | LOCKSTEP | t=59.980 tx=3000 rx=6000 frame=3000 dropped=0 invalid=0
2026-08-25 20:07:52.438 | LOCKSTEP | t=60.980 tx=3050 rx=6100 frame=3050 dropped=0 invalid=0
2026-08-25 20:07:56.972 | LOCKSTEP | t=61.980 tx=3100 rx=6200 frame=3100 dropped=0 invalid=0
2026-08-25 20:08:01.327 | LOCKSTEP | t=62.980 tx=3150 rx=6300 frame=3150 dropped=0 invalid=0
2026-08-25 20:08:05.588 | LOCKSTEP | t=63.980 tx=3200 rx=6400 frame=3200 dropped=0 invalid=0
2026-08-25 20:08:09.903 | LOCKSTEP | t=64.980 tx=3250 rx=6500 frame=3250 dropped=0 invalid=0
2026-08-25 20:08:14.210 | LOCKSTEP | t=65.980 tx=3300 rx=6600 frame=3300 dropped=0 invalid=0
2026-08-25 20:08:18.494 | LOCKSTEP | t=66.980 tx=3350 rx=6700 frame=3350 dropped=0 invalid=0
2026-08-25 20:08:22.809 | LOCKSTEP | t=67.980 tx=3400 rx=6800 frame=3400 dropped=0 invalid=0
2026-08-25 20:08:27.047 | LOCKSTEP | t=68.980 tx=3450 rx=6900 frame=3450 dropped=0 invalid=0
2026-08-25 20:08:31.289 | LOCKSTEP | t=69.980 tx=3500 rx=7000 frame=3500 dropped=0 invalid=0
2026-08-25 20:08:35.563 | LOCKSTEP | t=70.980 tx=3550 rx=7100 frame=3550 dropped=0 invalid=0
2026-08-25 20:08:39.816 | LOCKSTEP | t=71.980 tx=3600 rx=7200 frame=3600 dropped=0 invalid=0
2026-08-25 20:08:44.140 | LOCKSTEP | t=72.980 tx=3650 rx=7300 frame=3650 dropped=0 invalid=0
2026-08-25 20:08:48.408 | LOCKSTEP | t=73.980 tx=3700 rx=7400 frame=3700 dropped=0 invalid=0
2026-08-25 20:08:52.620 | LOCKSTEP | t=74.980 tx=3750 rx=7500 frame=3750 dropped=0 invalid=0
2026-08-25 20:08:56.840 | LOCKSTEP | t=75.980 tx=3800 rx=7600 frame=3800 dropped=0 invalid=0
2026-08-25 20:09:01.175 | LOCKSTEP | t=76.980 tx=3850 rx=7700 frame=3850 dropped=0 invalid=0
2026-08-25 20:09:05.665 | LOCKSTEP | t=77.980 tx=3900 rx=7800 frame=3900 dropped=0 invalid=0
2026-08-25 20:09:10.064 | LOCKSTEP | t=78.980 tx=3950 rx=7900 frame=3950 dropped=0 invalid=0
2026-08-25 20:09:14.461 | LOCKSTEP | t=79.980 tx=4000 rx=8000 frame=4000 dropped=0 invalid=0
2026-08-25 20:09:19.327 | LOCKSTEP | t=80.980 tx=4050 rx=8100 frame=4050 dropped=0 invalid=0
2026-08-25 20:09:24.149 | LOCKSTEP | t=81.980 tx=4100 rx=8200 frame=4100 dropped=0 invalid=0
2026-08-25 20:09:28.504 | LOCKSTEP | t=82.980 tx=4150 rx=8300 frame=4150 dropped=0 invalid=0
2026-08-25 20:09:33.000 | LOCKSTEP | t=83.980 tx=4200 rx=8400 frame=4200 dropped=0 invalid=0
2026-08-25 20:09:37.524 | LOCKSTEP | t=84.980 tx=4250 rx=8500 frame=4250 dropped=0 invalid=0
2026-08-25 20:09:42.047 | LOCKSTEP | t=85.980 tx=4300 rx=8600 frame=4300 dropped=0 invalid=0
2026-08-25 20:09:46.682 | LOCKSTEP | t=86.980 tx=4350 rx=8700 frame=4350 dropped=0 invalid=0
2026-08-25 20:09:51.322 | LOCKSTEP | t=87.980 tx=4400 rx=8800 frame=4400 dropped=0 invalid=0
2026-08-25 20:09:55.846 | LOCKSTEP | t=88.980 tx=4450 rx=8900 frame=4450 dropped=0 invalid=0
2026-08-25 20:10:00.421 | LOCKSTEP | t=89.980 tx=4500 rx=9000 frame=4500 dropped=0 invalid=0
2026-08-25 20:10:05.171 | LOCKSTEP | t=90.980 tx=4550 rx=9100 frame=4550 dropped=0 invalid=0
2026-08-25 20:10:09.759 | LOCKSTEP | t=91.980 tx=4600 rx=9200 frame=4600 dropped=0 invalid=0
2026-08-25 20:10:14.384 | LOCKSTEP | t=92.980 tx=4650 rx=9300 frame=4650 dropped=0 invalid=0
2026-08-25 20:10:19.116 | LOCKSTEP | t=93.980 tx=4700 rx=9400 frame=4700 dropped=0 invalid=0
2026-08-25 20:10:23.949 | LOCKSTEP | t=94.980 tx=4750 rx=9500 frame=4750 dropped=0 invalid=0
2026-08-25 20:10:28.666 | LOCKSTEP | t=95.980 tx=4800 rx=9600 frame=4800 dropped=0 invalid=0
2026-08-25 20:10:33.207 | LOCKSTEP | t=96.980 tx=4850 rx=9700 frame=4850 dropped=0 invalid=0
2026-08-25 20:10:37.736 | LOCKSTEP | t=97.980 tx=4900 rx=9800 frame=4900 dropped=0 invalid=0
2026-08-25 20:10:42.553 | LOCKSTEP | t=98.980 tx=4950 rx=9900 frame=4950 dropped=0 invalid=0
2026-08-25 20:10:47.205 | LOCKSTEP | t=99.980 tx=5000 rx=10000 frame=5000 dropped=0 invalid=0
2026-08-25 20:10:51.754 | LOCKSTEP | t=100.980 tx=5050 rx=10100 frame=5050 dropped=0 invalid=0
2026-08-25 20:10:56.968 | LOCKSTEP | t=101.980 tx=5100 rx=10200 frame=5100 dropped=0 invalid=0
2026-08-25 20:11:01.702 | LOCKSTEP | t=102.980 tx=5150 rx=10300 frame=5150 dropped=0 invalid=0
2026-08-25 20:11:06.279 | LOCKSTEP | t=103.980 tx=5200 rx=10400 frame=5200 dropped=0 invalid=0
2026-08-25 20:11:11.050 | LOCKSTEP | t=104.980 tx=5250 rx=10500 frame=5250 dropped=0 invalid=0
2026-08-25 20:11:15.555 | LOCKSTEP | t=105.980 tx=5300 rx=10600 frame=5300 dropped=0 invalid=0
2026-08-25 20:11:20.137 | LOCKSTEP | t=106.980 tx=5350 rx=10700 frame=5350 dropped=0 invalid=0
2026-08-25 20:11:24.662 | LOCKSTEP | t=107.980 tx=5400 rx=10800 frame=5400 dropped=0 invalid=0
2026-08-25 20:11:29.555 | LOCKSTEP | t=108.980 tx=5450 rx=10900 frame=5450 dropped=0 invalid=0
2026-08-25 20:11:34.314 | LOCKSTEP | t=109.980 tx=5500 rx=11000 frame=5500 dropped=0 invalid=0
2026-08-25 20:11:38.869 | LOCKSTEP | t=110.980 tx=5550 rx=11100 frame=5550 dropped=0 invalid=0
2026-08-25 20:11:43.443 | LOCKSTEP | t=111.980 tx=5600 rx=11200 frame=5600 dropped=0 invalid=0
2026-08-25 20:11:48.013 | LOCKSTEP | t=112.980 tx=5650 rx=11300 frame=5650 dropped=0 invalid=0
2026-08-25 20:11:52.637 | LOCKSTEP | t=113.980 tx=5700 rx=11400 frame=5700 dropped=0 invalid=0
2026-08-25 20:11:57.338 | LOCKSTEP | t=114.980 tx=5750 rx=11500 frame=5750 dropped=0 invalid=0
2026-08-25 20:12:01.926 | LOCKSTEP | t=115.980 tx=5800 rx=11600 frame=5800 dropped=0 invalid=0
2026-08-25 20:12:06.596 | LOCKSTEP | t=116.980 tx=5850 rx=11700 frame=5850 dropped=0 invalid=0
2026-08-25 20:12:11.193 | LOCKSTEP | t=117.980 tx=5900 rx=11800 frame=5900 dropped=0 invalid=0
2026-08-25 20:12:15.800 | LOCKSTEP | t=118.980 tx=5950 rx=11900 frame=5950 dropped=0 invalid=0
2026-08-25 20:12:20.429 | LOCKSTEP | t=119.980 tx=6000 rx=12000 frame=6000 dropped=0 invalid=0
2026-08-25 20:12:25.020 | LOCKSTEP | t=120.980 tx=6050 rx=12100 frame=6050 dropped=0 invalid=0
2026-08-25 20:12:29.587 | LOCKSTEP | t=121.980 tx=6100 rx=12200 frame=6100 dropped=0 invalid=0
2026-08-25 20:12:34.391 | LOCKSTEP | t=122.980 tx=6150 rx=12300 frame=6150 dropped=0 invalid=0
2026-08-25 20:12:39.284 | LOCKSTEP | t=123.980 tx=6200 rx=12400 frame=6200 dropped=0 invalid=0
2026-08-25 20:12:43.997 | LOCKSTEP | t=124.980 tx=6250 rx=12500 frame=6250 dropped=0 invalid=0
2026-08-25 20:12:48.581 | LOCKSTEP | t=125.980 tx=6300 rx=12600 frame=6300 dropped=0 invalid=0
2026-08-25 20:12:53.144 | LOCKSTEP | t=126.980 tx=6350 rx=12700 frame=6350 dropped=0 invalid=0
2026-08-25 20:12:57.739 | LOCKSTEP | t=127.980 tx=6400 rx=12800 frame=6400 dropped=0 invalid=0
2026-08-25 20:13:02.329 | LOCKSTEP | t=128.980 tx=6450 rx=12900 frame=6450 dropped=0 invalid=0
2026-08-25 20:13:06.936 | LOCKSTEP | t=129.980 tx=6500 rx=13000 frame=6500 dropped=0 invalid=0
2026-08-25 20:13:11.586 | LOCKSTEP | t=130.980 tx=6550 rx=13100 frame=6550 dropped=0 invalid=0
2026-08-25 20:13:16.208 | LOCKSTEP | t=131.980 tx=6600 rx=13200 frame=6600 dropped=0 invalid=0
2026-08-25 20:13:20.807 | LOCKSTEP | t=132.980 tx=6650 rx=13300 frame=6650 dropped=0 invalid=0
2026-08-25 20:13:25.401 | LOCKSTEP | t=133.980 tx=6700 rx=13400 frame=6700 dropped=0 invalid=0
2026-08-25 20:13:29.963 | LOCKSTEP | t=134.980 tx=6750 rx=13500 frame=6750 dropped=0 invalid=0
2026-08-25 20:13:34.499 | LOCKSTEP | t=135.980 tx=6800 rx=13600 frame=6800 dropped=0 invalid=0
2026-08-25 20:13:38.936 | LOCKSTEP | t=136.980 tx=6850 rx=13700 frame=6850 dropped=0 invalid=0
2026-08-25 20:13:43.630 | LOCKSTEP | t=137.980 tx=6900 rx=13800 frame=6900 dropped=0 invalid=0
2026-08-25 20:13:48.069 | LOCKSTEP | t=138.980 tx=6950 rx=13900 frame=6950 dropped=0 invalid=0
2026-08-25 20:13:52.416 | LOCKSTEP | t=139.980 tx=7000 rx=14000 frame=7000 dropped=0 invalid=0
2026-08-25 20:13:56.803 | LOCKSTEP | t=140.980 tx=7050 rx=14100 frame=7050 dropped=0 invalid=0
2026-08-25 20:14:01.030 | LOCKSTEP | t=141.980 tx=7100 rx=14200 frame=7100 dropped=0 invalid=0
2026-08-25 20:14:05.268 | LOCKSTEP | t=142.980 tx=7150 rx=14300 frame=7150 dropped=0 invalid=0
2026-08-25 20:14:09.533 | LOCKSTEP | t=143.980 tx=7200 rx=14400 frame=7200 dropped=0 invalid=0
2026-08-25 20:14:13.888 | LOCKSTEP | t=144.980 tx=7250 rx=14500 frame=7250 dropped=0 invalid=0
2026-08-25 20:14:18.537 | LOCKSTEP | t=145.980 tx=7300 rx=14600 frame=7300 dropped=0 invalid=0
2026-08-25 20:14:22.775 | LOCKSTEP | t=146.980 tx=7350 rx=14700 frame=7350 dropped=0 invalid=0
2026-08-25 20:14:26.978 | LOCKSTEP | t=147.980 tx=7400 rx=14800 frame=7400 dropped=0 invalid=0
2026-08-25 20:14:31.212 | LOCKSTEP | t=148.980 tx=7450 rx=14900 frame=7450 dropped=0 invalid=0
2026-08-25 20:14:35.429 | LOCKSTEP | t=149.980 tx=7500 rx=15000 frame=7500 dropped=0 invalid=0
2026-08-25 20:14:39.680 | LOCKSTEP | t=150.980 tx=7550 rx=15100 frame=7550 dropped=0 invalid=0
2026-08-25 20:14:43.942 | LOCKSTEP | t=151.980 tx=7600 rx=15200 frame=7600 dropped=0 invalid=0
2026-08-25 20:14:48.301 | LOCKSTEP | t=152.980 tx=7650 rx=15300 frame=7650 dropped=0 invalid=0
2026-08-25 20:14:52.640 | LOCKSTEP | t=153.980 tx=7700 rx=15400 frame=7700 dropped=0 invalid=0
2026-08-25 20:14:56.885 | LOCKSTEP | t=154.980 tx=7750 rx=15500 frame=7750 dropped=0 invalid=0
2026-08-25 20:15:01.131 | LOCKSTEP | t=155.980 tx=7800 rx=15600 frame=7800 dropped=0 invalid=0
2026-08-25 20:15:05.416 | LOCKSTEP | t=156.980 tx=7850 rx=15700 frame=7850 dropped=0 invalid=0
2026-08-25 20:15:09.725 | LOCKSTEP | t=157.980 tx=7900 rx=15800 frame=7900 dropped=0 invalid=0
2026-08-25 20:15:13.962 | LOCKSTEP | t=158.980 tx=7950 rx=15900 frame=7950 dropped=0 invalid=0
2026-08-25 20:15:18.249 | LOCKSTEP | t=159.980 tx=8000 rx=16000 frame=8000 dropped=0 invalid=0
2026-08-25 20:15:22.507 | LOCKSTEP | t=160.980 tx=8050 rx=16100 frame=8050 dropped=0 invalid=0
2026-08-25 20:15:26.781 | LOCKSTEP | t=161.980 tx=8100 rx=16200 frame=8100 dropped=0 invalid=0
2026-08-25 20:15:31.020 | LOCKSTEP | t=162.980 tx=8150 rx=16300 frame=8150 dropped=0 invalid=0
2026-08-25 20:15:35.242 | LOCKSTEP | t=163.980 tx=8200 rx=16400 frame=8200 dropped=0 invalid=0
2026-08-25 20:15:39.463 | LOCKSTEP | t=164.980 tx=8250 rx=16500 frame=8250 dropped=0 invalid=0
2026-08-25 20:15:43.757 | LOCKSTEP | t=165.980 tx=8300 rx=16600 frame=8300 dropped=0 invalid=0
2026-08-25 20:15:48.034 | LOCKSTEP | t=166.980 tx=8350 rx=16700 frame=8350 dropped=0 invalid=0
2026-08-25 20:15:52.320 | LOCKSTEP | t=167.980 tx=8400 rx=16800 frame=8400 dropped=0 invalid=0
2026-08-25 20:15:56.712 | LOCKSTEP | t=168.980 tx=8450 rx=16900 frame=8450 dropped=0 invalid=0
2026-08-25 20:16:01.025 | LOCKSTEP | t=169.980 tx=8500 rx=17000 frame=8500 dropped=0 invalid=0
2026-08-25 20:16:05.261 | LOCKSTEP | t=170.980 tx=8550 rx=17100 frame=8550 dropped=0 invalid=0
2026-08-25 20:16:09.517 | LOCKSTEP | t=171.980 tx=8600 rx=17200 frame=8600 dropped=0 invalid=0
2026-08-25 20:16:13.745 | LOCKSTEP | t=172.980 tx=8650 rx=17300 frame=8650 dropped=0 invalid=0
2026-08-25 20:16:18.120 | LOCKSTEP | t=173.980 tx=8700 rx=17400 frame=8700 dropped=0 invalid=0
2026-08-25 20:16:22.408 | LOCKSTEP | t=174.980 tx=8750 rx=17500 frame=8750 dropped=0 invalid=0
2026-08-25 20:16:26.722 | LOCKSTEP | t=175.980 tx=8800 rx=17600 frame=8800 dropped=0 invalid=0
2026-08-25 20:16:31.030 | LOCKSTEP | t=176.980 tx=8850 rx=17700 frame=8850 dropped=0 invalid=0
2026-08-25 20:16:35.361 | LOCKSTEP | t=177.980 tx=8900 rx=17800 frame=8900 dropped=0 invalid=0
2026-08-25 20:16:39.663 | LOCKSTEP | t=178.980 tx=8950 rx=17900 frame=8950 dropped=0 invalid=0
2026-08-25 20:16:43.997 | LOCKSTEP | t=179.980 tx=9000 rx=18000 frame=9000 dropped=0 invalid=0
2026-08-25 20:16:48.336 | LOCKSTEP | t=180.980 tx=9050 rx=18100 frame=9050 dropped=0 invalid=0
2026-08-25 20:16:52.616 | LOCKSTEP | t=181.980 tx=9100 rx=18200 frame=9100 dropped=0 invalid=0
2026-08-25 20:16:56.886 | LOCKSTEP | t=182.980 tx=9150 rx=18300 frame=9150 dropped=0 invalid=0
2026-08-25 20:16:56.992 | STATE | RUNNING -> STOPPING | Bridge delete requested
2026-08-25 20:16:57.131 | ADAPTER_CLOSED | tx=9151 rx=18302 dropped=0 invalid=0
