V5.2 ArduPlane JSON adapter log
2026-08-25 19:49:15.158 | ADAPTER_CREATED | run_dir=E:\动力学搭建\成品\UAV_Autotune_v5_4_1_Validation_Fix\results\v5_4_1\campaigns\20260825_184700_426_repeatability_level2\pitch\trial_2\20260825_194901_388_native_pitch_autotune_repeat_2
2026-08-25 19:49:15.234 | STATE | STARTING -> WAITING_FOR_SITL | UDP listener ready
2026-08-25 19:49:15.239 | UDP_LISTEN | local=0.0.0.0:9002
2026-08-25 19:49:16.342 | STATE | WAITING_FOR_SITL -> CONNECTED | First valid servo frame received
2026-08-25 19:49:16.346 | BIDIRECTIONAL_HANDSHAKE | sender=172.26.48.113:51439 frame=0
2026-08-25 19:49:16.504 | RATE_BOOTSTRAP | initial_request_hz=1200.000 applied_step_s=0.020000
2026-08-25 19:49:16.581 | STATE | CONNECTED -> READY | Fresh frame=1 timestamp=0.020000 and PWM mapping valid
2026-08-25 19:49:16.587 | STATE | READY -> RUNNING | Lock-step exchange active
2026-08-25 19:49:21.792 | LOCKSTEP | t=0.980 tx=50 rx=100 frame=50 dropped=0 invalid=0
2026-08-25 19:49:26.927 | LOCKSTEP | t=1.980 tx=100 rx=200 frame=100 dropped=0 invalid=0
2026-08-25 19:49:31.617 | LOCKSTEP | t=2.980 tx=150 rx=300 frame=150 dropped=0 invalid=0
2026-08-25 19:49:36.340 | LOCKSTEP | t=3.980 tx=200 rx=400 frame=200 dropped=0 invalid=0
2026-08-25 19:49:41.290 | LOCKSTEP | t=4.980 tx=250 rx=500 frame=250 dropped=0 invalid=0
2026-08-25 19:49:45.721 | LOCKSTEP | t=5.980 tx=300 rx=600 frame=300 dropped=0 invalid=0
2026-08-25 19:49:50.144 | LOCKSTEP | t=6.980 tx=350 rx=700 frame=350 dropped=0 invalid=0
2026-08-25 19:49:54.527 | LOCKSTEP | t=7.980 tx=400 rx=800 frame=400 dropped=0 invalid=0
2026-08-25 19:49:59.200 | LOCKSTEP | t=8.980 tx=450 rx=900 frame=450 dropped=0 invalid=0
2026-08-25 19:50:03.875 | LOCKSTEP | t=9.980 tx=500 rx=1000 frame=500 dropped=0 invalid=0
2026-08-25 19:50:08.424 | LOCKSTEP | t=10.980 tx=550 rx=1100 frame=550 dropped=0 invalid=0
2026-08-25 19:50:13.215 | LOCKSTEP | t=11.980 tx=600 rx=1200 frame=600 dropped=0 invalid=0
2026-08-25 19:50:17.712 | LOCKSTEP | t=12.980 tx=650 rx=1300 frame=650 dropped=0 invalid=0
2026-08-25 19:50:22.099 | LOCKSTEP | t=13.980 tx=700 rx=1400 frame=700 dropped=0 invalid=0
2026-08-25 19:50:26.598 | LOCKSTEP | t=14.980 tx=750 rx=1500 frame=750 dropped=0 invalid=0
2026-08-25 19:50:31.011 | LOCKSTEP | t=15.980 tx=800 rx=1600 frame=800 dropped=0 invalid=0
2026-08-25 19:50:35.582 | LOCKSTEP | t=16.980 tx=850 rx=1700 frame=850 dropped=0 invalid=0
2026-08-25 19:50:40.409 | LOCKSTEP | t=17.980 tx=900 rx=1800 frame=900 dropped=0 invalid=0
2026-08-25 19:50:44.839 | LOCKSTEP | t=18.980 tx=950 rx=1900 frame=950 dropped=0 invalid=0
2026-08-25 19:50:49.364 | LOCKSTEP | t=19.980 tx=1000 rx=2000 frame=1000 dropped=0 invalid=0
2026-08-25 19:50:54.079 | LOCKSTEP | t=20.980 tx=1050 rx=2100 frame=1050 dropped=0 invalid=0
2026-08-25 19:50:58.474 | LOCKSTEP | t=21.980 tx=1100 rx=2200 frame=1100 dropped=0 invalid=0
2026-08-25 19:51:02.958 | LOCKSTEP | t=22.980 tx=1150 rx=2300 frame=1150 dropped=0 invalid=0
2026-08-25 19:51:07.453 | LOCKSTEP | t=23.980 tx=1200 rx=2400 frame=1200 dropped=0 invalid=0
2026-08-25 19:51:12.020 | LOCKSTEP | t=24.980 tx=1250 rx=2500 frame=1250 dropped=0 invalid=0
2026-08-25 19:51:16.569 | LOCKSTEP | t=25.980 tx=1300 rx=2600 frame=1300 dropped=0 invalid=0
2026-08-25 19:51:21.139 | LOCKSTEP | t=26.980 tx=1350 rx=2700 frame=1350 dropped=0 invalid=0
2026-08-25 19:51:25.765 | LOCKSTEP | t=27.980 tx=1400 rx=2800 frame=1400 dropped=0 invalid=0
2026-08-25 19:51:30.352 | LOCKSTEP | t=28.980 tx=1450 rx=2900 frame=1450 dropped=0 invalid=0
2026-08-25 19:51:34.840 | LOCKSTEP | t=29.980 tx=1500 rx=3000 frame=1500 dropped=0 invalid=0
2026-08-25 19:51:39.396 | LOCKSTEP | t=30.980 tx=1550 rx=3100 frame=1550 dropped=0 invalid=0
2026-08-25 19:51:44.179 | LOCKSTEP | t=31.980 tx=1600 rx=3200 frame=1600 dropped=0 invalid=0
2026-08-25 19:51:48.775 | LOCKSTEP | t=32.980 tx=1650 rx=3300 frame=1650 dropped=0 invalid=0
2026-08-25 19:51:53.418 | LOCKSTEP | t=33.980 tx=1700 rx=3400 frame=1700 dropped=0 invalid=0
2026-08-25 19:51:57.919 | LOCKSTEP | t=34.980 tx=1750 rx=3500 frame=1750 dropped=0 invalid=0
2026-08-25 19:52:02.431 | LOCKSTEP | t=35.980 tx=1800 rx=3600 frame=1800 dropped=0 invalid=0
2026-08-25 19:52:07.041 | LOCKSTEP | t=36.980 tx=1850 rx=3700 frame=1850 dropped=0 invalid=0
2026-08-25 19:52:11.640 | LOCKSTEP | t=37.980 tx=1900 rx=3800 frame=1900 dropped=0 invalid=0
2026-08-25 19:52:16.102 | LOCKSTEP | t=38.980 tx=1950 rx=3900 frame=1950 dropped=0 invalid=0
2026-08-25 19:52:20.576 | LOCKSTEP | t=39.980 tx=2000 rx=4000 frame=2000 dropped=0 invalid=0
2026-08-25 19:52:25.292 | LOCKSTEP | t=40.980 tx=2050 rx=4100 frame=2050 dropped=0 invalid=0
2026-08-25 19:52:29.989 | LOCKSTEP | t=41.980 tx=2100 rx=4200 frame=2100 dropped=0 invalid=0
2026-08-25 19:52:34.624 | LOCKSTEP | t=42.980 tx=2150 rx=4300 frame=2150 dropped=0 invalid=0
2026-08-25 19:52:39.364 | LOCKSTEP | t=43.980 tx=2200 rx=4400 frame=2200 dropped=0 invalid=0
2026-08-25 19:52:43.965 | LOCKSTEP | t=44.980 tx=2250 rx=4500 frame=2250 dropped=0 invalid=0
2026-08-25 19:52:48.823 | LOCKSTEP | t=45.980 tx=2300 rx=4600 frame=2300 dropped=0 invalid=0
2026-08-25 19:52:54.053 | LOCKSTEP | t=46.980 tx=2350 rx=4700 frame=2350 dropped=0 invalid=0
2026-08-25 19:52:59.218 | LOCKSTEP | t=47.980 tx=2400 rx=4800 frame=2400 dropped=0 invalid=0
2026-08-25 19:53:04.632 | LOCKSTEP | t=48.980 tx=2450 rx=4900 frame=2450 dropped=0 invalid=0
2026-08-25 19:53:09.397 | LOCKSTEP | t=49.980 tx=2500 rx=5000 frame=2500 dropped=0 invalid=0
2026-08-25 19:53:13.865 | LOCKSTEP | t=50.980 tx=2550 rx=5100 frame=2550 dropped=0 invalid=0
2026-08-25 19:53:18.423 | LOCKSTEP | t=51.980 tx=2600 rx=5200 frame=2600 dropped=0 invalid=0
2026-08-25 19:53:22.824 | LOCKSTEP | t=52.980 tx=2650 rx=5300 frame=2650 dropped=0 invalid=0
2026-08-25 19:53:27.232 | LOCKSTEP | t=53.980 tx=2700 rx=5400 frame=2700 dropped=0 invalid=0
2026-08-25 19:53:31.905 | LOCKSTEP | t=54.980 tx=2750 rx=5500 frame=2750 dropped=0 invalid=0
2026-08-25 19:53:36.465 | LOCKSTEP | t=55.980 tx=2800 rx=5600 frame=2800 dropped=0 invalid=0
2026-08-25 19:53:41.130 | LOCKSTEP | t=56.980 tx=2850 rx=5700 frame=2850 dropped=0 invalid=0
2026-08-25 19:53:45.481 | LOCKSTEP | t=57.980 tx=2900 rx=5800 frame=2900 dropped=0 invalid=0
2026-08-25 19:53:49.648 | LOCKSTEP | t=58.980 tx=2950 rx=5900 frame=2950 dropped=0 invalid=0
2026-08-25 19:53:54.037 | LOCKSTEP | t=59.980 tx=3000 rx=6000 frame=3000 dropped=0 invalid=0
2026-08-25 19:53:58.316 | LOCKSTEP | t=60.980 tx=3050 rx=6100 frame=3050 dropped=0 invalid=0
2026-08-25 19:54:02.475 | LOCKSTEP | t=61.980 tx=3100 rx=6200 frame=3100 dropped=0 invalid=0
2026-08-25 19:54:06.645 | LOCKSTEP | t=62.980 tx=3150 rx=6300 frame=3150 dropped=0 invalid=0
2026-08-25 19:54:10.927 | LOCKSTEP | t=63.980 tx=3200 rx=6400 frame=3200 dropped=0 invalid=0
2026-08-25 19:54:15.174 | LOCKSTEP | t=64.980 tx=3250 rx=6500 frame=3250 dropped=0 invalid=0
2026-08-25 19:54:19.430 | LOCKSTEP | t=65.980 tx=3300 rx=6600 frame=3300 dropped=0 invalid=0
2026-08-25 19:54:23.643 | LOCKSTEP | t=66.980 tx=3350 rx=6700 frame=3350 dropped=0 invalid=0
2026-08-25 19:54:27.878 | LOCKSTEP | t=67.980 tx=3400 rx=6800 frame=3400 dropped=0 invalid=0
2026-08-25 19:54:32.074 | LOCKSTEP | t=68.980 tx=3450 rx=6900 frame=3450 dropped=0 invalid=0
2026-08-25 19:54:36.352 | LOCKSTEP | t=69.980 tx=3500 rx=7000 frame=3500 dropped=0 invalid=0
2026-08-25 19:54:40.678 | LOCKSTEP | t=70.980 tx=3550 rx=7100 frame=3550 dropped=0 invalid=0
2026-08-25 19:54:44.941 | LOCKSTEP | t=71.980 tx=3600 rx=7200 frame=3600 dropped=0 invalid=0
2026-08-25 19:54:49.181 | LOCKSTEP | t=72.980 tx=3650 rx=7300 frame=3650 dropped=0 invalid=0
2026-08-25 19:54:53.441 | LOCKSTEP | t=73.980 tx=3700 rx=7400 frame=3700 dropped=0 invalid=0
2026-08-25 19:54:57.674 | LOCKSTEP | t=74.980 tx=3750 rx=7500 frame=3750 dropped=0 invalid=0
2026-08-25 19:55:02.000 | LOCKSTEP | t=75.980 tx=3800 rx=7600 frame=3800 dropped=0 invalid=0
2026-08-25 19:55:06.303 | LOCKSTEP | t=76.980 tx=3850 rx=7700 frame=3850 dropped=0 invalid=0
2026-08-25 19:55:10.535 | LOCKSTEP | t=77.980 tx=3900 rx=7800 frame=3900 dropped=0 invalid=0
2026-08-25 19:55:14.780 | LOCKSTEP | t=78.980 tx=3950 rx=7900 frame=3950 dropped=0 invalid=0
2026-08-25 19:55:19.044 | LOCKSTEP | t=79.980 tx=4000 rx=8000 frame=4000 dropped=0 invalid=0
2026-08-25 19:55:23.262 | LOCKSTEP | t=80.980 tx=4050 rx=8100 frame=4050 dropped=0 invalid=0
2026-08-25 19:55:27.459 | LOCKSTEP | t=81.980 tx=4100 rx=8200 frame=4100 dropped=0 invalid=0
2026-08-25 19:55:31.686 | LOCKSTEP | t=82.980 tx=4150 rx=8300 frame=4150 dropped=0 invalid=0
2026-08-25 19:55:35.924 | LOCKSTEP | t=83.980 tx=4200 rx=8400 frame=4200 dropped=0 invalid=0
2026-08-25 19:55:40.282 | LOCKSTEP | t=84.980 tx=4250 rx=8500 frame=4250 dropped=0 invalid=0
2026-08-25 19:55:44.492 | LOCKSTEP | t=85.980 tx=4300 rx=8600 frame=4300 dropped=0 invalid=0
2026-08-25 19:55:48.861 | LOCKSTEP | t=86.980 tx=4350 rx=8700 frame=4350 dropped=0 invalid=0
2026-08-25 19:55:53.171 | LOCKSTEP | t=87.980 tx=4400 rx=8800 frame=4400 dropped=0 invalid=0
2026-08-25 19:55:57.446 | LOCKSTEP | t=88.980 tx=4450 rx=8900 frame=4450 dropped=0 invalid=0
2026-08-25 19:56:01.686 | LOCKSTEP | t=89.980 tx=4500 rx=9000 frame=4500 dropped=0 invalid=0
2026-08-25 19:56:06.056 | LOCKSTEP | t=90.980 tx=4550 rx=9100 frame=4550 dropped=0 invalid=0
2026-08-25 19:56:10.476 | LOCKSTEP | t=91.980 tx=4600 rx=9200 frame=4600 dropped=0 invalid=0
2026-08-25 19:56:14.697 | LOCKSTEP | t=92.980 tx=4650 rx=9300 frame=4650 dropped=0 invalid=0
2026-08-25 19:56:18.953 | LOCKSTEP | t=93.980 tx=4700 rx=9400 frame=4700 dropped=0 invalid=0
2026-08-25 19:56:23.271 | LOCKSTEP | t=94.980 tx=4750 rx=9500 frame=4750 dropped=0 invalid=0
2026-08-25 19:56:27.533 | LOCKSTEP | t=95.980 tx=4800 rx=9600 frame=4800 dropped=0 invalid=0
2026-08-25 19:56:31.784 | LOCKSTEP | t=96.980 tx=4850 rx=9700 frame=4850 dropped=0 invalid=0
2026-08-25 19:56:36.024 | LOCKSTEP | t=97.980 tx=4900 rx=9800 frame=4900 dropped=0 invalid=0
2026-08-25 19:56:40.306 | LOCKSTEP | t=98.980 tx=4950 rx=9900 frame=4950 dropped=0 invalid=0
2026-08-25 19:56:44.525 | LOCKSTEP | t=99.980 tx=5000 rx=10000 frame=5000 dropped=0 invalid=0
2026-08-25 19:56:48.721 | LOCKSTEP | t=100.980 tx=5050 rx=10100 frame=5050 dropped=0 invalid=0
2026-08-25 19:56:52.960 | LOCKSTEP | t=101.980 tx=5100 rx=10200 frame=5100 dropped=0 invalid=0
2026-08-25 19:56:57.269 | LOCKSTEP | t=102.980 tx=5150 rx=10300 frame=5150 dropped=0 invalid=0
2026-08-25 19:57:01.658 | LOCKSTEP | t=103.980 tx=5200 rx=10400 frame=5200 dropped=0 invalid=0
2026-08-25 19:57:05.900 | LOCKSTEP | t=104.980 tx=5250 rx=10500 frame=5250 dropped=0 invalid=0
2026-08-25 19:57:10.243 | LOCKSTEP | t=105.980 tx=5300 rx=10600 frame=5300 dropped=0 invalid=0
2026-08-25 19:57:14.539 | LOCKSTEP | t=106.980 tx=5350 rx=10700 frame=5350 dropped=0 invalid=0
2026-08-25 19:57:18.779 | LOCKSTEP | t=107.980 tx=5400 rx=10800 frame=5400 dropped=0 invalid=0
2026-08-25 19:57:23.086 | LOCKSTEP | t=108.980 tx=5450 rx=10900 frame=5450 dropped=0 invalid=0
2026-08-25 19:57:27.364 | LOCKSTEP | t=109.980 tx=5500 rx=11000 frame=5500 dropped=0 invalid=0
2026-08-25 19:57:31.664 | LOCKSTEP | t=110.980 tx=5550 rx=11100 frame=5550 dropped=0 invalid=0
2026-08-25 19:57:35.910 | LOCKSTEP | t=111.980 tx=5600 rx=11200 frame=5600 dropped=0 invalid=0
2026-08-25 19:57:40.231 | LOCKSTEP | t=112.980 tx=5650 rx=11300 frame=5650 dropped=0 invalid=0
2026-08-25 19:57:44.599 | LOCKSTEP | t=113.980 tx=5700 rx=11400 frame=5700 dropped=0 invalid=0
2026-08-25 19:57:48.867 | LOCKSTEP | t=114.980 tx=5750 rx=11500 frame=5750 dropped=0 invalid=0
2026-08-25 19:57:53.133 | LOCKSTEP | t=115.980 tx=5800 rx=11600 frame=5800 dropped=0 invalid=0
2026-08-25 19:57:57.376 | LOCKSTEP | t=116.980 tx=5850 rx=11700 frame=5850 dropped=0 invalid=0
2026-08-25 19:58:01.629 | LOCKSTEP | t=117.980 tx=5900 rx=11800 frame=5900 dropped=0 invalid=0
2026-08-25 19:58:05.888 | LOCKSTEP | t=118.980 tx=5950 rx=11900 frame=5950 dropped=0 invalid=0
2026-08-25 19:58:10.198 | LOCKSTEP | t=119.980 tx=6000 rx=12000 frame=6000 dropped=0 invalid=0
2026-08-25 19:58:14.401 | LOCKSTEP | t=120.980 tx=6050 rx=12100 frame=6050 dropped=0 invalid=0
2026-08-25 19:58:18.712 | LOCKSTEP | t=121.980 tx=6100 rx=12200 frame=6100 dropped=0 invalid=0
2026-08-25 19:58:22.940 | LOCKSTEP | t=122.980 tx=6150 rx=12300 frame=6150 dropped=0 invalid=0
2026-08-25 19:58:27.125 | LOCKSTEP | t=123.980 tx=6200 rx=12400 frame=6200 dropped=0 invalid=0
2026-08-25 19:58:31.327 | LOCKSTEP | t=124.980 tx=6250 rx=12500 frame=6250 dropped=0 invalid=0
2026-08-25 19:58:35.563 | LOCKSTEP | t=125.980 tx=6300 rx=12600 frame=6300 dropped=0 invalid=0
2026-08-25 19:58:39.935 | LOCKSTEP | t=126.980 tx=6350 rx=12700 frame=6350 dropped=0 invalid=0
2026-08-25 19:58:44.184 | LOCKSTEP | t=127.980 tx=6400 rx=12800 frame=6400 dropped=0 invalid=0
2026-08-25 19:58:48.538 | LOCKSTEP | t=128.980 tx=6450 rx=12900 frame=6450 dropped=0 invalid=0
2026-08-25 19:58:52.874 | LOCKSTEP | t=129.980 tx=6500 rx=13000 frame=6500 dropped=0 invalid=0
2026-08-25 19:58:57.223 | LOCKSTEP | t=130.980 tx=6550 rx=13100 frame=6550 dropped=0 invalid=0
2026-08-25 19:59:01.573 | LOCKSTEP | t=131.980 tx=6600 rx=13200 frame=6600 dropped=0 invalid=0
2026-08-25 19:59:05.956 | LOCKSTEP | t=132.980 tx=6650 rx=13300 frame=6650 dropped=0 invalid=0
2026-08-25 19:59:10.348 | LOCKSTEP | t=133.980 tx=6700 rx=13400 frame=6700 dropped=0 invalid=0
2026-08-25 19:59:14.792 | LOCKSTEP | t=134.980 tx=6750 rx=13500 frame=6750 dropped=0 invalid=0
2026-08-25 19:59:19.267 | LOCKSTEP | t=135.980 tx=6800 rx=13600 frame=6800 dropped=0 invalid=0
2026-08-25 19:59:23.907 | LOCKSTEP | t=136.980 tx=6850 rx=13700 frame=6850 dropped=0 invalid=0
2026-08-25 19:59:28.463 | LOCKSTEP | t=137.980 tx=6900 rx=13800 frame=6900 dropped=0 invalid=0
2026-08-25 19:59:32.990 | LOCKSTEP | t=138.980 tx=6950 rx=13900 frame=6950 dropped=0 invalid=0
2026-08-25 19:59:37.531 | LOCKSTEP | t=139.980 tx=7000 rx=14000 frame=7000 dropped=0 invalid=0
2026-08-25 19:59:42.206 | LOCKSTEP | t=140.980 tx=7050 rx=14100 frame=7050 dropped=0 invalid=0
2026-08-25 19:59:46.892 | LOCKSTEP | t=141.980 tx=7100 rx=14200 frame=7100 dropped=0 invalid=0
2026-08-25 19:59:51.501 | LOCKSTEP | t=142.980 tx=7150 rx=14300 frame=7150 dropped=0 invalid=0
2026-08-25 19:59:56.115 | LOCKSTEP | t=143.980 tx=7200 rx=14400 frame=7200 dropped=0 invalid=0
2026-08-25 20:00:00.727 | LOCKSTEP | t=144.980 tx=7250 rx=14500 frame=7250 dropped=0 invalid=0
2026-08-25 20:00:05.464 | LOCKSTEP | t=145.980 tx=7300 rx=14600 frame=7300 dropped=0 invalid=0
2026-08-25 20:00:10.127 | LOCKSTEP | t=146.980 tx=7350 rx=14700 frame=7350 dropped=0 invalid=0
2026-08-25 20:00:14.730 | LOCKSTEP | t=147.980 tx=7400 rx=14800 frame=7400 dropped=0 invalid=0
2026-08-25 20:00:19.377 | LOCKSTEP | t=148.980 tx=7450 rx=14900 frame=7450 dropped=0 invalid=0
2026-08-25 20:00:24.071 | LOCKSTEP | t=149.980 tx=7500 rx=15000 frame=7500 dropped=0 invalid=0
2026-08-25 20:00:29.015 | LOCKSTEP | t=150.980 tx=7550 rx=15100 frame=7550 dropped=0 invalid=0
2026-08-25 20:00:33.734 | LOCKSTEP | t=151.980 tx=7600 rx=15200 frame=7600 dropped=0 invalid=0
2026-08-25 20:00:38.374 | LOCKSTEP | t=152.980 tx=7650 rx=15300 frame=7650 dropped=0 invalid=0
2026-08-25 20:00:43.024 | LOCKSTEP | t=153.980 tx=7700 rx=15400 frame=7700 dropped=0 invalid=0
2026-08-25 20:00:47.604 | LOCKSTEP | t=154.980 tx=7750 rx=15500 frame=7750 dropped=0 invalid=0
2026-08-25 20:00:52.256 | LOCKSTEP | t=155.980 tx=7800 rx=15600 frame=7800 dropped=0 invalid=0
2026-08-25 20:00:56.929 | LOCKSTEP | t=156.980 tx=7850 rx=15700 frame=7850 dropped=0 invalid=0
2026-08-25 20:01:01.500 | LOCKSTEP | t=157.980 tx=7900 rx=15800 frame=7900 dropped=0 invalid=0
2026-08-25 20:01:06.108 | LOCKSTEP | t=158.980 tx=7950 rx=15900 frame=7950 dropped=0 invalid=0
2026-08-25 20:01:10.749 | LOCKSTEP | t=159.980 tx=8000 rx=16000 frame=8000 dropped=0 invalid=0
2026-08-25 20:01:15.322 | LOCKSTEP | t=160.980 tx=8050 rx=16100 frame=8050 dropped=0 invalid=0
2026-08-25 20:01:19.896 | LOCKSTEP | t=161.980 tx=8100 rx=16200 frame=8100 dropped=0 invalid=0
2026-08-25 20:01:24.567 | LOCKSTEP | t=162.980 tx=8150 rx=16300 frame=8150 dropped=0 invalid=0
2026-08-25 20:01:29.252 | LOCKSTEP | t=163.980 tx=8200 rx=16400 frame=8200 dropped=0 invalid=0
2026-08-25 20:01:33.951 | LOCKSTEP | t=164.980 tx=8250 rx=16500 frame=8250 dropped=0 invalid=0
2026-08-25 20:01:38.882 | LOCKSTEP | t=165.980 tx=8300 rx=16600 frame=8300 dropped=0 invalid=0
2026-08-25 20:01:43.659 | LOCKSTEP | t=166.980 tx=8350 rx=16700 frame=8350 dropped=0 invalid=0
2026-08-25 20:01:48.317 | LOCKSTEP | t=167.980 tx=8400 rx=16800 frame=8400 dropped=0 invalid=0
2026-08-25 20:01:53.083 | LOCKSTEP | t=168.980 tx=8450 rx=16900 frame=8450 dropped=0 invalid=0
2026-08-25 20:01:57.810 | LOCKSTEP | t=169.980 tx=8500 rx=17000 frame=8500 dropped=0 invalid=0
2026-08-25 20:02:02.488 | LOCKSTEP | t=170.980 tx=8550 rx=17100 frame=8550 dropped=0 invalid=0
2026-08-25 20:02:07.099 | LOCKSTEP | t=171.980 tx=8600 rx=17200 frame=8600 dropped=0 invalid=0
2026-08-25 20:02:11.766 | LOCKSTEP | t=172.980 tx=8650 rx=17300 frame=8650 dropped=0 invalid=0
2026-08-25 20:02:16.439 | LOCKSTEP | t=173.980 tx=8700 rx=17400 frame=8700 dropped=0 invalid=0
2026-08-25 20:02:21.058 | LOCKSTEP | t=174.980 tx=8750 rx=17500 frame=8750 dropped=0 invalid=0
2026-08-25 20:02:25.812 | LOCKSTEP | t=175.980 tx=8800 rx=17600 frame=8800 dropped=0 invalid=0
2026-08-25 20:02:30.442 | LOCKSTEP | t=176.980 tx=8850 rx=17700 frame=8850 dropped=0 invalid=0
2026-08-25 20:02:35.098 | LOCKSTEP | t=177.980 tx=8900 rx=17800 frame=8900 dropped=0 invalid=0
2026-08-25 20:02:39.811 | LOCKSTEP | t=178.980 tx=8950 rx=17900 frame=8950 dropped=0 invalid=0
2026-08-25 20:02:44.701 | LOCKSTEP | t=179.980 tx=9000 rx=18000 frame=9000 dropped=0 invalid=0
2026-08-25 20:02:49.130 | LOCKSTEP | t=180.980 tx=9050 rx=18100 frame=9050 dropped=0 invalid=0
2026-08-25 20:02:53.513 | LOCKSTEP | t=181.980 tx=9100 rx=18200 frame=9100 dropped=0 invalid=0
2026-08-25 20:02:57.841 | LOCKSTEP | t=182.980 tx=9150 rx=18300 frame=9150 dropped=0 invalid=0
2026-08-25 20:02:57.950 | STATE | RUNNING -> STOPPING | Bridge delete requested
2026-08-25 20:02:58.096 | ADAPTER_CLOSED | tx=9151 rx=18302 dropped=0 invalid=0
