V5.2 ArduPlane JSON adapter log
2026-08-25 17:57:37.072 | ADAPTER_CREATED | run_dir=E:\动力学搭建\成品\UAV_Autotune_v5_4_1_Validation_Fix\results\v5_4_1\campaigns\20260825_175722_539_repeatability_level2\roll\trial_1\20260825_175723_637_native_roll_autotune_repeat_1
2026-08-25 17:57:37.127 | STATE | STARTING -> WAITING_FOR_SITL | UDP listener ready
2026-08-25 17:57:37.130 | UDP_LISTEN | local=0.0.0.0:9002
2026-08-25 17:57:37.828 | STATE | WAITING_FOR_SITL -> CONNECTED | First valid servo frame received
2026-08-25 17:57:37.831 | BIDIRECTIONAL_HANDSHAKE | sender=172.26.53.158:42966 frame=0
2026-08-25 17:57:37.970 | RATE_BOOTSTRAP | initial_request_hz=1200.000 applied_step_s=0.020000
2026-08-25 17:57:38.035 | STATE | CONNECTED -> READY | Fresh frame=1 timestamp=0.020000 and PWM mapping valid
2026-08-25 17:57:38.039 | STATE | READY -> RUNNING | Lock-step exchange active
2026-08-25 17:57:43.134 | LOCKSTEP | t=0.980 tx=50 rx=100 frame=50 dropped=0 invalid=0
2026-08-25 17:57:48.100 | LOCKSTEP | t=1.980 tx=100 rx=200 frame=100 dropped=0 invalid=0
2026-08-25 17:57:52.796 | LOCKSTEP | t=2.980 tx=150 rx=300 frame=150 dropped=0 invalid=0
2026-08-25 17:57:58.105 | LOCKSTEP | t=3.980 tx=200 rx=400 frame=200 dropped=0 invalid=0
2026-08-25 17:58:02.904 | LOCKSTEP | t=4.980 tx=250 rx=500 frame=250 dropped=0 invalid=0
2026-08-25 17:58:07.548 | LOCKSTEP | t=5.980 tx=300 rx=600 frame=300 dropped=0 invalid=0
2026-08-25 17:58:12.018 | LOCKSTEP | t=6.980 tx=350 rx=700 frame=350 dropped=0 invalid=0
2026-08-25 17:58:16.330 | LOCKSTEP | t=7.980 tx=400 rx=800 frame=400 dropped=0 invalid=0
2026-08-25 17:58:20.809 | LOCKSTEP | t=8.980 tx=450 rx=900 frame=450 dropped=0 invalid=0
2026-08-25 17:58:25.224 | LOCKSTEP | t=9.980 tx=500 rx=1000 frame=500 dropped=0 invalid=0
2026-08-25 17:58:29.539 | LOCKSTEP | t=10.980 tx=550 rx=1100 frame=550 dropped=0 invalid=0
2026-08-25 17:58:33.950 | LOCKSTEP | t=11.980 tx=600 rx=1200 frame=600 dropped=0 invalid=0
2026-08-25 17:58:38.720 | LOCKSTEP | t=12.980 tx=650 rx=1300 frame=650 dropped=0 invalid=0
2026-08-25 17:58:43.272 | LOCKSTEP | t=13.980 tx=700 rx=1400 frame=700 dropped=0 invalid=0
2026-08-25 17:58:48.318 | LOCKSTEP | t=14.980 tx=750 rx=1500 frame=750 dropped=0 invalid=0
2026-08-25 17:58:53.023 | LOCKSTEP | t=15.980 tx=800 rx=1600 frame=800 dropped=0 invalid=0
2026-08-25 17:58:57.949 | LOCKSTEP | t=16.980 tx=850 rx=1700 frame=850 dropped=0 invalid=0
2026-08-25 17:59:02.613 | LOCKSTEP | t=17.980 tx=900 rx=1800 frame=900 dropped=0 invalid=0
2026-08-25 17:59:06.981 | LOCKSTEP | t=18.980 tx=950 rx=1900 frame=950 dropped=0 invalid=0
2026-08-25 17:59:11.346 | LOCKSTEP | t=19.980 tx=1000 rx=2000 frame=1000 dropped=0 invalid=0
2026-08-25 17:59:15.847 | LOCKSTEP | t=20.980 tx=1050 rx=2100 frame=1050 dropped=0 invalid=0
2026-08-25 17:59:20.225 | LOCKSTEP | t=21.980 tx=1100 rx=2200 frame=1100 dropped=0 invalid=0
2026-08-25 17:59:24.907 | LOCKSTEP | t=22.980 tx=1150 rx=2300 frame=1150 dropped=0 invalid=0
2026-08-25 17:59:30.223 | LOCKSTEP | t=23.980 tx=1200 rx=2400 frame=1200 dropped=0 invalid=0
2026-08-25 17:59:35.209 | LOCKSTEP | t=24.980 tx=1250 rx=2500 frame=1250 dropped=0 invalid=0
2026-08-25 17:59:40.523 | LOCKSTEP | t=25.980 tx=1300 rx=2600 frame=1300 dropped=0 invalid=0
2026-08-25 17:59:45.867 | LOCKSTEP | t=26.980 tx=1350 rx=2700 frame=1350 dropped=0 invalid=0
2026-08-25 17:59:51.300 | LOCKSTEP | t=27.980 tx=1400 rx=2800 frame=1400 dropped=0 invalid=0
2026-08-25 17:59:56.982 | LOCKSTEP | t=28.980 tx=1450 rx=2900 frame=1450 dropped=0 invalid=0
2026-08-25 18:00:05.370 | LOCKSTEP | t=29.980 tx=1500 rx=3000 frame=1500 dropped=0 invalid=0
2026-08-25 18:00:10.170 | LOCKSTEP | t=30.980 tx=1550 rx=3100 frame=1550 dropped=0 invalid=0
2026-08-25 18:00:14.829 | LOCKSTEP | t=31.980 tx=1600 rx=3200 frame=1600 dropped=0 invalid=0
2026-08-25 18:00:20.697 | LOCKSTEP | t=32.980 tx=1650 rx=3300 frame=1650 dropped=0 invalid=0
2026-08-25 18:00:25.964 | LOCKSTEP | t=33.980 tx=1700 rx=3400 frame=1700 dropped=0 invalid=0
2026-08-25 18:00:31.972 | LOCKSTEP | t=34.980 tx=1750 rx=3500 frame=1750 dropped=0 invalid=0
2026-08-25 18:00:36.576 | LOCKSTEP | t=35.980 tx=1800 rx=3600 frame=1800 dropped=0 invalid=0
2026-08-25 18:00:40.827 | LOCKSTEP | t=36.980 tx=1850 rx=3700 frame=1850 dropped=0 invalid=0
2026-08-25 18:00:45.210 | LOCKSTEP | t=37.980 tx=1900 rx=3800 frame=1900 dropped=0 invalid=0
2026-08-25 18:00:49.468 | LOCKSTEP | t=38.980 tx=1950 rx=3900 frame=1950 dropped=0 invalid=0
2026-08-25 18:00:54.259 | LOCKSTEP | t=39.980 tx=2000 rx=4000 frame=2000 dropped=0 invalid=0
2026-08-25 18:01:00.877 | LOCKSTEP | t=40.980 tx=2050 rx=4100 frame=2050 dropped=0 invalid=0
2026-08-25 18:01:05.903 | LOCKSTEP | t=41.980 tx=2100 rx=4200 frame=2100 dropped=0 invalid=0
2026-08-25 18:01:10.588 | LOCKSTEP | t=42.980 tx=2150 rx=4300 frame=2150 dropped=0 invalid=0
2026-08-25 18:01:15.880 | LOCKSTEP | t=43.980 tx=2200 rx=4400 frame=2200 dropped=0 invalid=0
2026-08-25 18:01:20.988 | LOCKSTEP | t=44.980 tx=2250 rx=4500 frame=2250 dropped=0 invalid=0
2026-08-25 18:01:25.376 | LOCKSTEP | t=45.980 tx=2300 rx=4600 frame=2300 dropped=0 invalid=0
2026-08-25 18:01:29.982 | LOCKSTEP | t=46.980 tx=2350 rx=4700 frame=2350 dropped=0 invalid=0
2026-08-25 18:01:35.832 | LOCKSTEP | t=47.980 tx=2400 rx=4800 frame=2400 dropped=0 invalid=0
2026-08-25 18:01:40.412 | LOCKSTEP | t=48.980 tx=2450 rx=4900 frame=2450 dropped=0 invalid=0
2026-08-25 18:01:45.318 | LOCKSTEP | t=49.980 tx=2500 rx=5000 frame=2500 dropped=0 invalid=0
2026-08-25 18:01:49.622 | LOCKSTEP | t=50.980 tx=2550 rx=5100 frame=2550 dropped=0 invalid=0
2026-08-25 18:01:54.453 | LOCKSTEP | t=51.980 tx=2600 rx=5200 frame=2600 dropped=0 invalid=0
2026-08-25 18:01:59.861 | LOCKSTEP | t=52.980 tx=2650 rx=5300 frame=2650 dropped=0 invalid=0
2026-08-25 18:02:04.681 | LOCKSTEP | t=53.980 tx=2700 rx=5400 frame=2700 dropped=0 invalid=0
2026-08-25 18:02:09.398 | LOCKSTEP | t=54.980 tx=2750 rx=5500 frame=2750 dropped=0 invalid=0
2026-08-25 18:02:14.190 | LOCKSTEP | t=55.980 tx=2800 rx=5600 frame=2800 dropped=0 invalid=0
2026-08-25 18:02:19.046 | LOCKSTEP | t=56.980 tx=2850 rx=5700 frame=2850 dropped=0 invalid=0
2026-08-25 18:02:24.058 | LOCKSTEP | t=57.980 tx=2900 rx=5800 frame=2900 dropped=0 invalid=0
2026-08-25 18:02:28.944 | LOCKSTEP | t=58.980 tx=2950 rx=5900 frame=2950 dropped=0 invalid=0
2026-08-25 18:02:33.730 | LOCKSTEP | t=59.980 tx=3000 rx=6000 frame=3000 dropped=0 invalid=0
2026-08-25 18:02:38.619 | LOCKSTEP | t=60.980 tx=3050 rx=6100 frame=3050 dropped=0 invalid=0
2026-08-25 18:02:43.497 | LOCKSTEP | t=61.980 tx=3100 rx=6200 frame=3100 dropped=0 invalid=0
2026-08-25 18:02:48.913 | LOCKSTEP | t=62.980 tx=3150 rx=6300 frame=3150 dropped=0 invalid=0
2026-08-25 18:02:55.440 | LOCKSTEP | t=63.980 tx=3200 rx=6400 frame=3200 dropped=0 invalid=0
2026-08-25 18:03:01.618 | LOCKSTEP | t=64.980 tx=3250 rx=6500 frame=3250 dropped=0 invalid=0
2026-08-25 18:03:09.004 | LOCKSTEP | t=65.980 tx=3300 rx=6600 frame=3300 dropped=0 invalid=0
2026-08-25 18:03:15.592 | LOCKSTEP | t=66.980 tx=3350 rx=6700 frame=3350 dropped=0 invalid=0
2026-08-25 18:03:22.107 | LOCKSTEP | t=67.980 tx=3400 rx=6800 frame=3400 dropped=0 invalid=0
2026-08-25 18:03:28.157 | LOCKSTEP | t=68.980 tx=3450 rx=6900 frame=3450 dropped=0 invalid=0
2026-08-25 18:03:34.401 | LOCKSTEP | t=69.980 tx=3500 rx=7000 frame=3500 dropped=0 invalid=0
2026-08-25 18:03:41.196 | LOCKSTEP | t=70.980 tx=3550 rx=7100 frame=3550 dropped=0 invalid=0
2026-08-25 18:03:47.507 | LOCKSTEP | t=71.980 tx=3600 rx=7200 frame=3600 dropped=0 invalid=0
2026-08-25 18:03:54.018 | LOCKSTEP | t=72.980 tx=3650 rx=7300 frame=3650 dropped=0 invalid=0
2026-08-25 18:04:01.165 | LOCKSTEP | t=73.980 tx=3700 rx=7400 frame=3700 dropped=0 invalid=0
2026-08-25 18:04:08.212 | LOCKSTEP | t=74.980 tx=3750 rx=7500 frame=3750 dropped=0 invalid=0
2026-08-25 18:04:14.954 | LOCKSTEP | t=75.980 tx=3800 rx=7600 frame=3800 dropped=0 invalid=0
2026-08-25 18:04:21.139 | LOCKSTEP | t=76.980 tx=3850 rx=7700 frame=3850 dropped=0 invalid=0
2026-08-25 18:04:27.326 | LOCKSTEP | t=77.980 tx=3900 rx=7800 frame=3900 dropped=0 invalid=0
2026-08-25 18:04:33.635 | LOCKSTEP | t=78.980 tx=3950 rx=7900 frame=3950 dropped=0 invalid=0
2026-08-25 18:04:38.470 | LOCKSTEP | t=79.980 tx=4000 rx=8000 frame=4000 dropped=0 invalid=0
2026-08-25 18:04:43.242 | LOCKSTEP | t=80.980 tx=4050 rx=8100 frame=4050 dropped=0 invalid=0
2026-08-25 18:04:48.157 | LOCKSTEP | t=81.980 tx=4100 rx=8200 frame=4100 dropped=0 invalid=0
2026-08-25 18:04:52.965 | LOCKSTEP | t=82.980 tx=4150 rx=8300 frame=4150 dropped=0 invalid=0
2026-08-25 18:05:00.278 | LOCKSTEP | t=83.980 tx=4200 rx=8400 frame=4200 dropped=0 invalid=0
2026-08-25 18:05:05.961 | LOCKSTEP | t=84.980 tx=4250 rx=8500 frame=4250 dropped=0 invalid=0
2026-08-25 18:05:11.888 | LOCKSTEP | t=85.980 tx=4300 rx=8600 frame=4300 dropped=0 invalid=0
2026-08-25 18:05:18.012 | LOCKSTEP | t=86.980 tx=4350 rx=8700 frame=4350 dropped=0 invalid=0
2026-08-25 18:05:23.561 | LOCKSTEP | t=87.980 tx=4400 rx=8800 frame=4400 dropped=0 invalid=0
2026-08-25 18:05:28.954 | LOCKSTEP | t=88.980 tx=4450 rx=8900 frame=4450 dropped=0 invalid=0
2026-08-25 18:05:36.123 | LOCKSTEP | t=89.980 tx=4500 rx=9000 frame=4500 dropped=0 invalid=0
2026-08-25 18:05:42.911 | LOCKSTEP | t=90.980 tx=4550 rx=9100 frame=4550 dropped=0 invalid=0
2026-08-25 18:05:49.588 | LOCKSTEP | t=91.980 tx=4600 rx=9200 frame=4600 dropped=0 invalid=0
2026-08-25 18:05:56.815 | LOCKSTEP | t=92.980 tx=4650 rx=9300 frame=4650 dropped=0 invalid=0
2026-08-25 18:06:04.529 | LOCKSTEP | t=93.980 tx=4700 rx=9400 frame=4700 dropped=0 invalid=0
2026-08-25 18:06:11.236 | LOCKSTEP | t=94.980 tx=4750 rx=9500 frame=4750 dropped=0 invalid=0
2026-08-25 18:06:17.823 | LOCKSTEP | t=95.980 tx=4800 rx=9600 frame=4800 dropped=0 invalid=0
2026-08-25 18:06:23.201 | LOCKSTEP | t=96.980 tx=4850 rx=9700 frame=4850 dropped=0 invalid=0
2026-08-25 18:06:28.109 | LOCKSTEP | t=97.980 tx=4900 rx=9800 frame=4900 dropped=0 invalid=0
2026-08-25 18:06:34.691 | LOCKSTEP | t=98.980 tx=4950 rx=9900 frame=4950 dropped=0 invalid=0
2026-08-25 18:06:41.291 | LOCKSTEP | t=99.980 tx=5000 rx=10000 frame=5000 dropped=0 invalid=0
2026-08-25 18:06:46.148 | LOCKSTEP | t=100.980 tx=5050 rx=10100 frame=5050 dropped=0 invalid=0
2026-08-25 18:06:50.977 | LOCKSTEP | t=101.980 tx=5100 rx=10200 frame=5100 dropped=0 invalid=0
2026-08-25 18:06:55.993 | LOCKSTEP | t=102.980 tx=5150 rx=10300 frame=5150 dropped=0 invalid=0
2026-08-25 18:07:01.782 | LOCKSTEP | t=103.980 tx=5200 rx=10400 frame=5200 dropped=0 invalid=0
2026-08-25 18:07:06.778 | LOCKSTEP | t=104.980 tx=5250 rx=10500 frame=5250 dropped=0 invalid=0
2026-08-25 18:07:12.043 | LOCKSTEP | t=105.980 tx=5300 rx=10600 frame=5300 dropped=0 invalid=0
2026-08-25 18:07:19.009 | LOCKSTEP | t=106.980 tx=5350 rx=10700 frame=5350 dropped=0 invalid=0
2026-08-25 18:07:25.916 | LOCKSTEP | t=107.980 tx=5400 rx=10800 frame=5400 dropped=0 invalid=0
2026-08-25 18:07:31.300 | LOCKSTEP | t=108.980 tx=5450 rx=10900 frame=5450 dropped=0 invalid=0
2026-08-25 18:07:37.275 | LOCKSTEP | t=109.980 tx=5500 rx=11000 frame=5500 dropped=0 invalid=0
2026-08-25 18:07:42.337 | LOCKSTEP | t=110.980 tx=5550 rx=11100 frame=5550 dropped=0 invalid=0
2026-08-25 18:07:47.706 | LOCKSTEP | t=111.980 tx=5600 rx=11200 frame=5600 dropped=0 invalid=0
2026-08-25 18:07:53.914 | LOCKSTEP | t=112.980 tx=5650 rx=11300 frame=5650 dropped=0 invalid=0
2026-08-25 18:08:02.268 | LOCKSTEP | t=113.980 tx=5700 rx=11400 frame=5700 dropped=0 invalid=0
2026-08-25 18:08:08.935 | LOCKSTEP | t=114.980 tx=5750 rx=11500 frame=5750 dropped=0 invalid=0
2026-08-25 18:08:15.825 | LOCKSTEP | t=115.980 tx=5800 rx=11600 frame=5800 dropped=0 invalid=0
2026-08-25 18:08:23.375 | LOCKSTEP | t=116.980 tx=5850 rx=11700 frame=5850 dropped=0 invalid=0
2026-08-25 18:08:29.975 | LOCKSTEP | t=117.980 tx=5900 rx=11800 frame=5900 dropped=0 invalid=0
2026-08-25 18:08:36.401 | LOCKSTEP | t=118.980 tx=5950 rx=11900 frame=5950 dropped=0 invalid=0
2026-08-25 18:08:42.984 | LOCKSTEP | t=119.980 tx=6000 rx=12000 frame=6000 dropped=0 invalid=0
2026-08-25 18:08:50.446 | LOCKSTEP | t=120.980 tx=6050 rx=12100 frame=6050 dropped=0 invalid=0
2026-08-25 18:08:58.540 | LOCKSTEP | t=121.980 tx=6100 rx=12200 frame=6100 dropped=0 invalid=0
2026-08-25 18:09:05.251 | LOCKSTEP | t=122.980 tx=6150 rx=12300 frame=6150 dropped=0 invalid=0
2026-08-25 18:09:10.942 | LOCKSTEP | t=123.980 tx=6200 rx=12400 frame=6200 dropped=0 invalid=0
2026-08-25 18:09:17.271 | LOCKSTEP | t=124.980 tx=6250 rx=12500 frame=6250 dropped=0 invalid=0
2026-08-25 18:09:24.468 | LOCKSTEP | t=125.980 tx=6300 rx=12600 frame=6300 dropped=0 invalid=0
2026-08-25 18:09:30.027 | LOCKSTEP | t=126.980 tx=6350 rx=12700 frame=6350 dropped=0 invalid=0
2026-08-25 18:09:36.177 | LOCKSTEP | t=127.980 tx=6400 rx=12800 frame=6400 dropped=0 invalid=0
2026-08-25 18:09:42.746 | LOCKSTEP | t=128.980 tx=6450 rx=12900 frame=6450 dropped=0 invalid=0
2026-08-25 18:09:48.988 | LOCKSTEP | t=129.980 tx=6500 rx=13000 frame=6500 dropped=0 invalid=0
2026-08-25 18:09:54.266 | LOCKSTEP | t=130.980 tx=6550 rx=13100 frame=6550 dropped=0 invalid=0
2026-08-25 18:10:00.079 | LOCKSTEP | t=131.980 tx=6600 rx=13200 frame=6600 dropped=0 invalid=0
2026-08-25 18:10:06.540 | LOCKSTEP | t=132.980 tx=6650 rx=13300 frame=6650 dropped=0 invalid=0
2026-08-25 18:10:12.592 | LOCKSTEP | t=133.980 tx=6700 rx=13400 frame=6700 dropped=0 invalid=0
2026-08-25 18:10:18.650 | LOCKSTEP | t=134.980 tx=6750 rx=13500 frame=6750 dropped=0 invalid=0
2026-08-25 18:10:24.972 | LOCKSTEP | t=135.980 tx=6800 rx=13600 frame=6800 dropped=0 invalid=0
2026-08-25 18:10:31.086 | LOCKSTEP | t=136.980 tx=6850 rx=13700 frame=6850 dropped=0 invalid=0
2026-08-25 18:10:37.559 | LOCKSTEP | t=137.980 tx=6900 rx=13800 frame=6900 dropped=0 invalid=0
2026-08-25 18:10:44.840 | LOCKSTEP | t=138.980 tx=6950 rx=13900 frame=6950 dropped=0 invalid=0
2026-08-25 18:10:51.332 | LOCKSTEP | t=139.980 tx=7000 rx=14000 frame=7000 dropped=0 invalid=0
2026-08-25 18:10:58.026 | LOCKSTEP | t=140.980 tx=7050 rx=14100 frame=7050 dropped=0 invalid=0
2026-08-25 18:11:04.332 | LOCKSTEP | t=141.980 tx=7100 rx=14200 frame=7100 dropped=0 invalid=0
2026-08-25 18:11:09.777 | LOCKSTEP | t=142.980 tx=7150 rx=14300 frame=7150 dropped=0 invalid=0
2026-08-25 18:11:14.849 | LOCKSTEP | t=143.980 tx=7200 rx=14400 frame=7200 dropped=0 invalid=0
2026-08-25 18:11:20.095 | LOCKSTEP | t=144.980 tx=7250 rx=14500 frame=7250 dropped=0 invalid=0
2026-08-25 18:11:25.334 | LOCKSTEP | t=145.980 tx=7300 rx=14600 frame=7300 dropped=0 invalid=0
2026-08-25 18:11:30.218 | LOCKSTEP | t=146.980 tx=7350 rx=14700 frame=7350 dropped=0 invalid=0
2026-08-25 18:11:35.111 | LOCKSTEP | t=147.980 tx=7400 rx=14800 frame=7400 dropped=0 invalid=0
2026-08-25 18:11:39.980 | LOCKSTEP | t=148.980 tx=7450 rx=14900 frame=7450 dropped=0 invalid=0
2026-08-25 18:11:40.095 | STATE | RUNNING -> STOPPING | Bridge delete requested
2026-08-25 18:11:40.223 | ADAPTER_CLOSED | tx=7451 rx=14902 dropped=0 invalid=0
