V5.2 ArduPlane JSON adapter log
2026-08-25 19:35:01.270 | ADAPTER_CREATED | run_dir=E:\动力学搭建\成品\UAV_Autotune_v5_4_1_Validation_Fix\results\v5_4_1\campaigns\20260825_184700_426_repeatability_level2\pitch\trial_1\20260825_193442_547_native_pitch_autotune_repeat_1
2026-08-25 19:35:01.462 | STATE | STARTING -> WAITING_FOR_SITL | UDP listener ready
2026-08-25 19:35:01.466 | UDP_LISTEN | local=0.0.0.0:9002
2026-08-25 19:35:02.266 | STATE | WAITING_FOR_SITL -> CONNECTED | First valid servo frame received
2026-08-25 19:35:02.271 | BIDIRECTIONAL_HANDSHAKE | sender=172.26.48.113:56659 frame=0
2026-08-25 19:35:02.500 | RATE_BOOTSTRAP | initial_request_hz=1200.000 applied_step_s=0.020000
2026-08-25 19:35:02.581 | STATE | CONNECTED -> READY | Fresh frame=1 timestamp=0.020000 and PWM mapping valid
2026-08-25 19:35:02.588 | STATE | READY -> RUNNING | Lock-step exchange active
2026-08-25 19:35:07.767 | LOCKSTEP | t=0.980 tx=50 rx=100 frame=50 dropped=0 invalid=0
2026-08-25 19:35:12.934 | LOCKSTEP | t=1.980 tx=100 rx=200 frame=100 dropped=0 invalid=0
2026-08-25 19:35:17.457 | LOCKSTEP | t=2.980 tx=150 rx=300 frame=150 dropped=0 invalid=0
2026-08-25 19:35:22.237 | LOCKSTEP | t=3.980 tx=200 rx=400 frame=200 dropped=0 invalid=0
2026-08-25 19:35:26.938 | LOCKSTEP | t=4.980 tx=250 rx=500 frame=250 dropped=0 invalid=0
2026-08-25 19:35:31.435 | LOCKSTEP | t=5.980 tx=300 rx=600 frame=300 dropped=0 invalid=0
2026-08-25 19:35:35.914 | LOCKSTEP | t=6.980 tx=350 rx=700 frame=350 dropped=0 invalid=0
2026-08-25 19:35:40.393 | LOCKSTEP | t=7.980 tx=400 rx=800 frame=400 dropped=0 invalid=0
2026-08-25 19:35:44.936 | LOCKSTEP | t=8.980 tx=450 rx=900 frame=450 dropped=0 invalid=0
2026-08-25 19:35:49.374 | LOCKSTEP | t=9.980 tx=500 rx=1000 frame=500 dropped=0 invalid=0
2026-08-25 19:35:53.807 | LOCKSTEP | t=10.980 tx=550 rx=1100 frame=550 dropped=0 invalid=0
2026-08-25 19:35:58.718 | LOCKSTEP | t=11.980 tx=600 rx=1200 frame=600 dropped=0 invalid=0
2026-08-25 19:36:07.818 | LOCKSTEP | t=12.980 tx=650 rx=1303 frame=650 dropped=0 invalid=0
2026-08-25 19:36:12.163 | LOCKSTEP | t=13.980 tx=700 rx=1403 frame=700 dropped=0 invalid=0
2026-08-25 19:36:16.463 | LOCKSTEP | t=14.980 tx=750 rx=1503 frame=750 dropped=0 invalid=0
2026-08-25 19:36:20.777 | LOCKSTEP | t=15.980 tx=800 rx=1603 frame=800 dropped=0 invalid=0
2026-08-25 19:36:25.048 | LOCKSTEP | t=16.980 tx=850 rx=1703 frame=850 dropped=0 invalid=0
2026-08-25 19:36:29.290 | LOCKSTEP | t=17.980 tx=900 rx=1803 frame=900 dropped=0 invalid=0
2026-08-25 19:36:33.706 | LOCKSTEP | t=18.980 tx=950 rx=1903 frame=950 dropped=0 invalid=0
2026-08-25 19:36:38.046 | LOCKSTEP | t=19.980 tx=1000 rx=2003 frame=1000 dropped=0 invalid=0
2026-08-25 19:36:42.506 | LOCKSTEP | t=20.980 tx=1050 rx=2103 frame=1050 dropped=0 invalid=0
2026-08-25 19:36:46.825 | LOCKSTEP | t=21.980 tx=1100 rx=2203 frame=1100 dropped=0 invalid=0
2026-08-25 19:36:51.114 | LOCKSTEP | t=22.980 tx=1150 rx=2303 frame=1150 dropped=0 invalid=0
2026-08-25 19:36:55.386 | LOCKSTEP | t=23.980 tx=1200 rx=2403 frame=1200 dropped=0 invalid=0
2026-08-25 19:36:59.654 | LOCKSTEP | t=24.980 tx=1250 rx=2503 frame=1250 dropped=0 invalid=0
2026-08-25 19:37:03.976 | LOCKSTEP | t=25.980 tx=1300 rx=2603 frame=1300 dropped=0 invalid=0
2026-08-25 19:37:08.278 | LOCKSTEP | t=26.980 tx=1350 rx=2703 frame=1350 dropped=0 invalid=0
2026-08-25 19:37:12.557 | LOCKSTEP | t=27.980 tx=1400 rx=2803 frame=1400 dropped=0 invalid=0
2026-08-25 19:37:16.895 | LOCKSTEP | t=28.980 tx=1450 rx=2903 frame=1450 dropped=0 invalid=0
2026-08-25 19:37:21.334 | LOCKSTEP | t=29.980 tx=1500 rx=3003 frame=1500 dropped=0 invalid=0
2026-08-25 19:37:25.650 | LOCKSTEP | t=30.980 tx=1550 rx=3103 frame=1550 dropped=0 invalid=0
2026-08-25 19:37:29.983 | LOCKSTEP | t=31.980 tx=1600 rx=3203 frame=1600 dropped=0 invalid=0
2026-08-25 19:37:34.326 | LOCKSTEP | t=32.980 tx=1650 rx=3303 frame=1650 dropped=0 invalid=0
2026-08-25 19:37:38.588 | LOCKSTEP | t=33.980 tx=1700 rx=3403 frame=1700 dropped=0 invalid=0
2026-08-25 19:37:42.837 | LOCKSTEP | t=34.980 tx=1750 rx=3503 frame=1750 dropped=0 invalid=0
2026-08-25 19:37:47.096 | LOCKSTEP | t=35.980 tx=1800 rx=3603 frame=1800 dropped=0 invalid=0
2026-08-25 19:37:51.572 | LOCKSTEP | t=36.980 tx=1850 rx=3703 frame=1850 dropped=0 invalid=0
2026-08-25 19:37:56.065 | LOCKSTEP | t=37.980 tx=1900 rx=3803 frame=1900 dropped=0 invalid=0
2026-08-25 19:38:00.508 | LOCKSTEP | t=38.980 tx=1950 rx=3903 frame=1950 dropped=0 invalid=0
2026-08-25 19:38:04.898 | LOCKSTEP | t=39.980 tx=2000 rx=4003 frame=2000 dropped=0 invalid=0
2026-08-25 19:38:09.276 | LOCKSTEP | t=40.980 tx=2050 rx=4103 frame=2050 dropped=0 invalid=0
2026-08-25 19:38:13.996 | LOCKSTEP | t=41.980 tx=2100 rx=4203 frame=2100 dropped=0 invalid=0
2026-08-25 19:38:18.509 | LOCKSTEP | t=42.980 tx=2150 rx=4303 frame=2150 dropped=0 invalid=0
2026-08-25 19:38:23.603 | LOCKSTEP | t=43.980 tx=2200 rx=4403 frame=2200 dropped=0 invalid=0
2026-08-25 19:38:28.381 | LOCKSTEP | t=44.980 tx=2250 rx=4503 frame=2250 dropped=0 invalid=0
2026-08-25 19:38:33.475 | LOCKSTEP | t=45.980 tx=2300 rx=4603 frame=2300 dropped=0 invalid=0
2026-08-25 19:38:37.960 | LOCKSTEP | t=46.980 tx=2350 rx=4703 frame=2350 dropped=0 invalid=0
2026-08-25 19:38:42.784 | LOCKSTEP | t=47.980 tx=2400 rx=4803 frame=2400 dropped=0 invalid=0
2026-08-25 19:38:47.340 | LOCKSTEP | t=48.980 tx=2450 rx=4903 frame=2450 dropped=0 invalid=0
2026-08-25 19:38:52.140 | LOCKSTEP | t=49.980 tx=2500 rx=5003 frame=2500 dropped=0 invalid=0
2026-08-25 19:38:56.940 | LOCKSTEP | t=50.980 tx=2550 rx=5103 frame=2550 dropped=0 invalid=0
2026-08-25 19:39:01.627 | LOCKSTEP | t=51.980 tx=2600 rx=5203 frame=2600 dropped=0 invalid=0
2026-08-25 19:39:06.288 | LOCKSTEP | t=52.980 tx=2650 rx=5303 frame=2650 dropped=0 invalid=0
2026-08-25 19:39:10.930 | LOCKSTEP | t=53.980 tx=2700 rx=5403 frame=2700 dropped=0 invalid=0
2026-08-25 19:39:15.626 | LOCKSTEP | t=54.980 tx=2750 rx=5503 frame=2750 dropped=0 invalid=0
2026-08-25 19:39:20.393 | LOCKSTEP | t=55.980 tx=2800 rx=5603 frame=2800 dropped=0 invalid=0
2026-08-25 19:39:25.690 | LOCKSTEP | t=56.980 tx=2850 rx=5703 frame=2850 dropped=0 invalid=0
2026-08-25 19:39:30.254 | LOCKSTEP | t=57.980 tx=2900 rx=5803 frame=2900 dropped=0 invalid=0
2026-08-25 19:39:34.945 | LOCKSTEP | t=58.980 tx=2950 rx=5903 frame=2950 dropped=0 invalid=0
2026-08-25 19:39:39.687 | LOCKSTEP | t=59.980 tx=3000 rx=6003 frame=3000 dropped=0 invalid=0
2026-08-25 19:39:44.227 | LOCKSTEP | t=60.980 tx=3050 rx=6103 frame=3050 dropped=0 invalid=0
2026-08-25 19:39:48.833 | LOCKSTEP | t=61.980 tx=3100 rx=6203 frame=3100 dropped=0 invalid=0
2026-08-25 19:39:53.317 | LOCKSTEP | t=62.980 tx=3150 rx=6303 frame=3150 dropped=0 invalid=0
2026-08-25 19:39:57.864 | LOCKSTEP | t=63.980 tx=3200 rx=6403 frame=3200 dropped=0 invalid=0
2026-08-25 19:40:02.489 | LOCKSTEP | t=64.980 tx=3250 rx=6503 frame=3250 dropped=0 invalid=0
2026-08-25 19:40:07.383 | LOCKSTEP | t=65.980 tx=3300 rx=6603 frame=3300 dropped=0 invalid=0
2026-08-25 19:40:11.974 | LOCKSTEP | t=66.980 tx=3350 rx=6703 frame=3350 dropped=0 invalid=0
2026-08-25 19:40:16.471 | LOCKSTEP | t=67.980 tx=3400 rx=6803 frame=3400 dropped=0 invalid=0
2026-08-25 19:40:21.015 | LOCKSTEP | t=68.980 tx=3450 rx=6903 frame=3450 dropped=0 invalid=0
2026-08-25 19:40:25.553 | LOCKSTEP | t=69.980 tx=3500 rx=7003 frame=3500 dropped=0 invalid=0
2026-08-25 19:40:30.113 | LOCKSTEP | t=70.980 tx=3550 rx=7103 frame=3550 dropped=0 invalid=0
2026-08-25 19:40:34.775 | LOCKSTEP | t=71.980 tx=3600 rx=7203 frame=3600 dropped=0 invalid=0
2026-08-25 19:40:39.238 | LOCKSTEP | t=72.980 tx=3650 rx=7303 frame=3650 dropped=0 invalid=0
2026-08-25 19:40:44.027 | LOCKSTEP | t=73.980 tx=3700 rx=7403 frame=3700 dropped=0 invalid=0
2026-08-25 19:40:48.539 | LOCKSTEP | t=74.980 tx=3750 rx=7503 frame=3750 dropped=0 invalid=0
2026-08-25 19:40:53.039 | LOCKSTEP | t=75.980 tx=3800 rx=7603 frame=3800 dropped=0 invalid=0
2026-08-25 19:40:57.530 | LOCKSTEP | t=76.980 tx=3850 rx=7703 frame=3850 dropped=0 invalid=0
2026-08-25 19:41:02.121 | LOCKSTEP | t=77.980 tx=3900 rx=7803 frame=3900 dropped=0 invalid=0
2026-08-25 19:41:06.890 | LOCKSTEP | t=78.980 tx=3950 rx=7903 frame=3950 dropped=0 invalid=0
2026-08-25 19:41:11.377 | LOCKSTEP | t=79.980 tx=4000 rx=8003 frame=4000 dropped=0 invalid=0
2026-08-25 19:41:15.890 | LOCKSTEP | t=80.980 tx=4050 rx=8103 frame=4050 dropped=0 invalid=0
2026-08-25 19:41:20.441 | LOCKSTEP | t=81.980 tx=4100 rx=8203 frame=4100 dropped=0 invalid=0
2026-08-25 19:41:24.977 | LOCKSTEP | t=82.980 tx=4150 rx=8303 frame=4150 dropped=0 invalid=0
2026-08-25 19:41:29.496 | LOCKSTEP | t=83.980 tx=4200 rx=8403 frame=4200 dropped=0 invalid=0
2026-08-25 19:41:34.089 | LOCKSTEP | t=84.980 tx=4250 rx=8503 frame=4250 dropped=0 invalid=0
2026-08-25 19:41:38.653 | LOCKSTEP | t=85.980 tx=4300 rx=8603 frame=4300 dropped=0 invalid=0
2026-08-25 19:41:43.157 | LOCKSTEP | t=86.980 tx=4350 rx=8703 frame=4350 dropped=0 invalid=0
2026-08-25 19:41:47.822 | LOCKSTEP | t=87.980 tx=4400 rx=8803 frame=4400 dropped=0 invalid=0
2026-08-25 19:41:52.587 | LOCKSTEP | t=88.980 tx=4450 rx=8903 frame=4450 dropped=0 invalid=0
2026-08-25 19:41:57.105 | LOCKSTEP | t=89.980 tx=4500 rx=9003 frame=4500 dropped=0 invalid=0
2026-08-25 19:42:01.617 | LOCKSTEP | t=90.980 tx=4550 rx=9103 frame=4550 dropped=0 invalid=0
2026-08-25 19:42:06.177 | LOCKSTEP | t=91.980 tx=4600 rx=9203 frame=4600 dropped=0 invalid=0
2026-08-25 19:42:10.717 | LOCKSTEP | t=92.980 tx=4650 rx=9303 frame=4650 dropped=0 invalid=0
2026-08-25 19:42:15.252 | LOCKSTEP | t=93.980 tx=4700 rx=9403 frame=4700 dropped=0 invalid=0
2026-08-25 19:42:19.797 | LOCKSTEP | t=94.980 tx=4750 rx=9503 frame=4750 dropped=0 invalid=0
2026-08-25 19:42:24.348 | LOCKSTEP | t=95.980 tx=4800 rx=9603 frame=4800 dropped=0 invalid=0
2026-08-25 19:42:29.011 | LOCKSTEP | t=96.980 tx=4850 rx=9703 frame=4850 dropped=0 invalid=0
2026-08-25 19:42:33.619 | LOCKSTEP | t=97.980 tx=4900 rx=9803 frame=4900 dropped=0 invalid=0
2026-08-25 19:42:38.156 | LOCKSTEP | t=98.980 tx=4950 rx=9903 frame=4950 dropped=0 invalid=0
2026-08-25 19:42:42.798 | LOCKSTEP | t=99.980 tx=5000 rx=10003 frame=5000 dropped=0 invalid=0
2026-08-25 19:42:47.499 | LOCKSTEP | t=100.980 tx=5050 rx=10103 frame=5050 dropped=0 invalid=0
2026-08-25 19:42:52.168 | LOCKSTEP | t=101.980 tx=5100 rx=10203 frame=5100 dropped=0 invalid=0
2026-08-25 19:42:56.966 | LOCKSTEP | t=102.980 tx=5150 rx=10303 frame=5150 dropped=0 invalid=0
2026-08-25 19:43:01.549 | LOCKSTEP | t=103.980 tx=5200 rx=10403 frame=5200 dropped=0 invalid=0
2026-08-25 19:43:06.135 | LOCKSTEP | t=104.980 tx=5250 rx=10503 frame=5250 dropped=0 invalid=0
2026-08-25 19:43:10.640 | LOCKSTEP | t=105.980 tx=5300 rx=10603 frame=5300 dropped=0 invalid=0
2026-08-25 19:43:15.189 | LOCKSTEP | t=106.980 tx=5350 rx=10703 frame=5350 dropped=0 invalid=0
2026-08-25 19:43:19.710 | LOCKSTEP | t=107.980 tx=5400 rx=10803 frame=5400 dropped=0 invalid=0
2026-08-25 19:43:24.226 | LOCKSTEP | t=108.980 tx=5450 rx=10903 frame=5450 dropped=0 invalid=0
2026-08-25 19:43:28.717 | LOCKSTEP | t=109.980 tx=5500 rx=11003 frame=5500 dropped=0 invalid=0
2026-08-25 19:43:33.230 | LOCKSTEP | t=110.980 tx=5550 rx=11103 frame=5550 dropped=0 invalid=0
2026-08-25 19:43:37.600 | LOCKSTEP | t=111.980 tx=5600 rx=11203 frame=5600 dropped=0 invalid=0
2026-08-25 19:43:41.958 | LOCKSTEP | t=112.980 tx=5650 rx=11303 frame=5650 dropped=0 invalid=0
2026-08-25 19:43:46.380 | LOCKSTEP | t=113.980 tx=5700 rx=11403 frame=5700 dropped=0 invalid=0
2026-08-25 19:43:50.676 | LOCKSTEP | t=114.980 tx=5750 rx=11503 frame=5750 dropped=0 invalid=0
2026-08-25 19:43:54.956 | LOCKSTEP | t=115.980 tx=5800 rx=11603 frame=5800 dropped=0 invalid=0
2026-08-25 19:43:59.430 | LOCKSTEP | t=116.980 tx=5850 rx=11703 frame=5850 dropped=0 invalid=0
2026-08-25 19:44:03.776 | LOCKSTEP | t=117.980 tx=5900 rx=11803 frame=5900 dropped=0 invalid=0
2026-08-25 19:44:08.080 | LOCKSTEP | t=118.980 tx=5950 rx=11903 frame=5950 dropped=0 invalid=0
2026-08-25 19:44:12.344 | LOCKSTEP | t=119.980 tx=6000 rx=12003 frame=6000 dropped=0 invalid=0
2026-08-25 19:44:16.607 | LOCKSTEP | t=120.980 tx=6050 rx=12103 frame=6050 dropped=0 invalid=0
2026-08-25 19:44:20.855 | LOCKSTEP | t=121.980 tx=6100 rx=12203 frame=6100 dropped=0 invalid=0
2026-08-25 19:44:25.118 | LOCKSTEP | t=122.980 tx=6150 rx=12303 frame=6150 dropped=0 invalid=0
2026-08-25 19:44:29.351 | LOCKSTEP | t=123.980 tx=6200 rx=12403 frame=6200 dropped=0 invalid=0
2026-08-25 19:44:33.635 | LOCKSTEP | t=124.980 tx=6250 rx=12503 frame=6250 dropped=0 invalid=0
2026-08-25 19:44:37.850 | LOCKSTEP | t=125.980 tx=6300 rx=12603 frame=6300 dropped=0 invalid=0
2026-08-25 19:44:42.058 | LOCKSTEP | t=126.980 tx=6350 rx=12703 frame=6350 dropped=0 invalid=0
2026-08-25 19:44:46.274 | LOCKSTEP | t=127.980 tx=6400 rx=12803 frame=6400 dropped=0 invalid=0
2026-08-25 19:44:50.514 | LOCKSTEP | t=128.980 tx=6450 rx=12903 frame=6450 dropped=0 invalid=0
2026-08-25 19:44:54.711 | LOCKSTEP | t=129.980 tx=6500 rx=13003 frame=6500 dropped=0 invalid=0
2026-08-25 19:44:58.955 | LOCKSTEP | t=130.980 tx=6550 rx=13103 frame=6550 dropped=0 invalid=0
2026-08-25 19:45:04.197 | LOCKSTEP | t=131.980 tx=6600 rx=13203 frame=6600 dropped=0 invalid=0
2026-08-25 19:45:08.709 | LOCKSTEP | t=132.980 tx=6650 rx=13303 frame=6650 dropped=0 invalid=0
2026-08-25 19:45:12.987 | LOCKSTEP | t=133.980 tx=6700 rx=13403 frame=6700 dropped=0 invalid=0
2026-08-25 19:45:17.255 | LOCKSTEP | t=134.980 tx=6750 rx=13503 frame=6750 dropped=0 invalid=0
2026-08-25 19:45:21.483 | LOCKSTEP | t=135.980 tx=6800 rx=13603 frame=6800 dropped=0 invalid=0
2026-08-25 19:45:25.758 | LOCKSTEP | t=136.980 tx=6850 rx=13703 frame=6850 dropped=0 invalid=0
2026-08-25 19:45:30.034 | LOCKSTEP | t=137.980 tx=6900 rx=13803 frame=6900 dropped=0 invalid=0
2026-08-25 19:45:34.367 | LOCKSTEP | t=138.980 tx=6950 rx=13903 frame=6950 dropped=0 invalid=0
2026-08-25 19:45:38.639 | LOCKSTEP | t=139.980 tx=7000 rx=14003 frame=7000 dropped=0 invalid=0
2026-08-25 19:45:42.889 | LOCKSTEP | t=140.980 tx=7050 rx=14103 frame=7050 dropped=0 invalid=0
2026-08-25 19:45:47.225 | LOCKSTEP | t=141.980 tx=7100 rx=14203 frame=7100 dropped=0 invalid=0
2026-08-25 19:45:51.506 | LOCKSTEP | t=142.980 tx=7150 rx=14303 frame=7150 dropped=0 invalid=0
2026-08-25 19:45:55.757 | LOCKSTEP | t=143.980 tx=7200 rx=14403 frame=7200 dropped=0 invalid=0
2026-08-25 19:46:00.052 | LOCKSTEP | t=144.980 tx=7250 rx=14503 frame=7250 dropped=0 invalid=0
2026-08-25 19:46:04.366 | LOCKSTEP | t=145.980 tx=7300 rx=14603 frame=7300 dropped=0 invalid=0
2026-08-25 19:46:08.872 | LOCKSTEP | t=146.980 tx=7350 rx=14703 frame=7350 dropped=0 invalid=0
2026-08-25 19:46:13.654 | LOCKSTEP | t=147.980 tx=7400 rx=14803 frame=7400 dropped=0 invalid=0
2026-08-25 19:46:18.319 | LOCKSTEP | t=148.980 tx=7450 rx=14903 frame=7450 dropped=0 invalid=0
2026-08-25 19:46:23.107 | LOCKSTEP | t=149.980 tx=7500 rx=15003 frame=7500 dropped=0 invalid=0
2026-08-25 19:46:27.725 | LOCKSTEP | t=150.980 tx=7550 rx=15103 frame=7550 dropped=0 invalid=0
2026-08-25 19:46:32.023 | LOCKSTEP | t=151.980 tx=7600 rx=15203 frame=7600 dropped=0 invalid=0
2026-08-25 19:46:36.376 | LOCKSTEP | t=152.980 tx=7650 rx=15303 frame=7650 dropped=0 invalid=0
2026-08-25 19:46:40.709 | LOCKSTEP | t=153.980 tx=7700 rx=15403 frame=7700 dropped=0 invalid=0
2026-08-25 19:46:45.009 | LOCKSTEP | t=154.980 tx=7750 rx=15503 frame=7750 dropped=0 invalid=0
2026-08-25 19:46:49.301 | LOCKSTEP | t=155.980 tx=7800 rx=15603 frame=7800 dropped=0 invalid=0
2026-08-25 19:46:53.622 | LOCKSTEP | t=156.980 tx=7850 rx=15703 frame=7850 dropped=0 invalid=0
2026-08-25 19:46:57.967 | LOCKSTEP | t=157.980 tx=7900 rx=15803 frame=7900 dropped=0 invalid=0
2026-08-25 19:47:02.238 | LOCKSTEP | t=158.980 tx=7950 rx=15903 frame=7950 dropped=0 invalid=0
2026-08-25 19:47:06.512 | LOCKSTEP | t=159.980 tx=8000 rx=16003 frame=8000 dropped=0 invalid=0
2026-08-25 19:47:10.758 | LOCKSTEP | t=160.980 tx=8050 rx=16103 frame=8050 dropped=0 invalid=0
2026-08-25 19:47:15.016 | LOCKSTEP | t=161.980 tx=8100 rx=16203 frame=8100 dropped=0 invalid=0
2026-08-25 19:47:19.450 | LOCKSTEP | t=162.980 tx=8150 rx=16303 frame=8150 dropped=0 invalid=0
2026-08-25 19:47:23.779 | LOCKSTEP | t=163.980 tx=8200 rx=16403 frame=8200 dropped=0 invalid=0
2026-08-25 19:47:28.069 | LOCKSTEP | t=164.980 tx=8250 rx=16503 frame=8250 dropped=0 invalid=0
2026-08-25 19:47:32.388 | LOCKSTEP | t=165.980 tx=8300 rx=16603 frame=8300 dropped=0 invalid=0
2026-08-25 19:47:36.718 | LOCKSTEP | t=166.980 tx=8350 rx=16703 frame=8350 dropped=0 invalid=0
2026-08-25 19:47:40.972 | LOCKSTEP | t=167.980 tx=8400 rx=16803 frame=8400 dropped=0 invalid=0
2026-08-25 19:47:45.256 | LOCKSTEP | t=168.980 tx=8450 rx=16903 frame=8450 dropped=0 invalid=0
2026-08-25 19:47:49.677 | LOCKSTEP | t=169.980 tx=8500 rx=17003 frame=8500 dropped=0 invalid=0
2026-08-25 19:47:54.132 | LOCKSTEP | t=170.980 tx=8550 rx=17103 frame=8550 dropped=0 invalid=0
2026-08-25 19:47:58.618 | LOCKSTEP | t=171.980 tx=8600 rx=17203 frame=8600 dropped=0 invalid=0
2026-08-25 19:48:02.968 | LOCKSTEP | t=172.980 tx=8650 rx=17303 frame=8650 dropped=0 invalid=0
2026-08-25 19:48:07.298 | LOCKSTEP | t=173.980 tx=8700 rx=17403 frame=8700 dropped=0 invalid=0
2026-08-25 19:48:11.610 | LOCKSTEP | t=174.980 tx=8750 rx=17503 frame=8750 dropped=0 invalid=0
2026-08-25 19:48:15.918 | LOCKSTEP | t=175.980 tx=8800 rx=17603 frame=8800 dropped=0 invalid=0
2026-08-25 19:48:20.232 | LOCKSTEP | t=176.980 tx=8850 rx=17703 frame=8850 dropped=0 invalid=0
2026-08-25 19:48:24.652 | LOCKSTEP | t=177.980 tx=8900 rx=17803 frame=8900 dropped=0 invalid=0
2026-08-25 19:48:29.110 | LOCKSTEP | t=178.980 tx=8950 rx=17903 frame=8950 dropped=0 invalid=0
2026-08-25 19:48:33.508 | LOCKSTEP | t=179.980 tx=9000 rx=18003 frame=9000 dropped=0 invalid=0
2026-08-25 19:48:37.842 | LOCKSTEP | t=180.980 tx=9050 rx=18103 frame=9050 dropped=0 invalid=0
2026-08-25 19:48:42.093 | LOCKSTEP | t=181.980 tx=9100 rx=18203 frame=9100 dropped=0 invalid=0
2026-08-25 19:48:46.370 | LOCKSTEP | t=182.980 tx=9150 rx=18303 frame=9150 dropped=0 invalid=0
2026-08-25 19:48:46.485 | STATE | RUNNING -> STOPPING | Bridge delete requested
2026-08-25 19:48:46.600 | ADAPTER_CLOSED | tx=9151 rx=18305 dropped=0 invalid=0
