V5.2 ArduPlane JSON adapter log
2026-08-25 18:47:22.804 | ADAPTER_CREATED | run_dir=E:\动力学搭建\成品\UAV_Autotune_v5_4_1_Validation_Fix\results\v5_4_1\campaigns\20260825_184700_426_repeatability_level2\roll\trial_1\20260825_184701_664_native_roll_autotune_repeat_1
2026-08-25 18:47:23.091 | STATE | STARTING -> WAITING_FOR_SITL | UDP listener ready
2026-08-25 18:47:23.096 | UDP_LISTEN | local=0.0.0.0:9002
2026-08-25 18:47:23.571 | STATE | WAITING_FOR_SITL -> CONNECTED | First valid servo frame received
2026-08-25 18:47:23.575 | BIDIRECTIONAL_HANDSHAKE | sender=172.26.48.113:41062 frame=0
2026-08-25 18:47:23.774 | RATE_BOOTSTRAP | initial_request_hz=1200.000 applied_step_s=0.020000
2026-08-25 18:47:23.870 | STATE | CONNECTED -> READY | Fresh frame=1 timestamp=0.020000 and PWM mapping valid
2026-08-25 18:47:23.875 | STATE | READY -> RUNNING | Lock-step exchange active
2026-08-25 18:47:29.223 | LOCKSTEP | t=0.980 tx=50 rx=100 frame=50 dropped=0 invalid=0
2026-08-25 18:47:34.222 | LOCKSTEP | t=1.980 tx=100 rx=200 frame=100 dropped=0 invalid=0
2026-08-25 18:47:38.786 | LOCKSTEP | t=2.980 tx=150 rx=300 frame=150 dropped=0 invalid=0
2026-08-25 18:47:43.202 | LOCKSTEP | t=3.980 tx=200 rx=400 frame=200 dropped=0 invalid=0
2026-08-25 18:47:47.797 | LOCKSTEP | t=4.980 tx=250 rx=500 frame=250 dropped=0 invalid=0
2026-08-25 18:47:52.362 | LOCKSTEP | t=5.980 tx=300 rx=600 frame=300 dropped=0 invalid=0
2026-08-25 18:47:56.774 | LOCKSTEP | t=6.980 tx=350 rx=700 frame=350 dropped=0 invalid=0
2026-08-25 18:48:01.303 | LOCKSTEP | t=7.980 tx=400 rx=800 frame=400 dropped=0 invalid=0
2026-08-25 18:48:05.702 | LOCKSTEP | t=8.980 tx=450 rx=900 frame=450 dropped=0 invalid=0
2026-08-25 18:48:10.015 | LOCKSTEP | t=9.980 tx=500 rx=1000 frame=500 dropped=0 invalid=0
2026-08-25 18:48:14.390 | LOCKSTEP | t=10.980 tx=550 rx=1100 frame=550 dropped=0 invalid=0
2026-08-25 18:48:18.865 | LOCKSTEP | t=11.980 tx=600 rx=1200 frame=600 dropped=0 invalid=0
2026-08-25 18:48:23.118 | LOCKSTEP | t=12.980 tx=650 rx=1300 frame=650 dropped=0 invalid=0
2026-08-25 18:48:27.312 | LOCKSTEP | t=13.980 tx=700 rx=1400 frame=700 dropped=0 invalid=0
2026-08-25 18:48:31.828 | LOCKSTEP | t=14.980 tx=750 rx=1500 frame=750 dropped=0 invalid=0
2026-08-25 18:48:36.227 | LOCKSTEP | t=15.980 tx=800 rx=1600 frame=800 dropped=0 invalid=0
2026-08-25 18:48:40.517 | LOCKSTEP | t=16.980 tx=850 rx=1700 frame=850 dropped=0 invalid=0
2026-08-25 18:48:44.803 | LOCKSTEP | t=17.980 tx=900 rx=1800 frame=900 dropped=0 invalid=0
2026-08-25 18:48:49.103 | LOCKSTEP | t=18.980 tx=950 rx=1900 frame=950 dropped=0 invalid=0
2026-08-25 18:48:53.507 | LOCKSTEP | t=19.980 tx=1000 rx=2000 frame=1000 dropped=0 invalid=0
2026-08-25 18:48:58.518 | LOCKSTEP | t=20.980 tx=1050 rx=2100 frame=1050 dropped=0 invalid=0
2026-08-25 18:49:02.937 | LOCKSTEP | t=21.980 tx=1100 rx=2200 frame=1100 dropped=0 invalid=0
2026-08-25 18:49:07.208 | LOCKSTEP | t=22.980 tx=1150 rx=2300 frame=1150 dropped=0 invalid=0
2026-08-25 18:49:11.531 | LOCKSTEP | t=23.980 tx=1200 rx=2400 frame=1200 dropped=0 invalid=0
2026-08-25 18:49:16.106 | LOCKSTEP | t=24.980 tx=1250 rx=2500 frame=1250 dropped=0 invalid=0
2026-08-25 18:49:20.428 | LOCKSTEP | t=25.980 tx=1300 rx=2600 frame=1300 dropped=0 invalid=0
2026-08-25 18:49:24.744 | LOCKSTEP | t=26.980 tx=1350 rx=2700 frame=1350 dropped=0 invalid=0
2026-08-25 18:49:29.268 | LOCKSTEP | t=27.980 tx=1400 rx=2800 frame=1400 dropped=0 invalid=0
2026-08-25 18:49:33.543 | LOCKSTEP | t=28.980 tx=1450 rx=2900 frame=1450 dropped=0 invalid=0
2026-08-25 18:49:37.896 | LOCKSTEP | t=29.980 tx=1500 rx=3000 frame=1500 dropped=0 invalid=0
2026-08-25 18:49:42.554 | LOCKSTEP | t=30.980 tx=1550 rx=3100 frame=1550 dropped=0 invalid=0
2026-08-25 18:49:46.887 | LOCKSTEP | t=31.980 tx=1600 rx=3200 frame=1600 dropped=0 invalid=0
2026-08-25 18:49:51.233 | LOCKSTEP | t=32.980 tx=1650 rx=3300 frame=1650 dropped=0 invalid=0
2026-08-25 18:49:55.524 | LOCKSTEP | t=33.980 tx=1700 rx=3400 frame=1700 dropped=0 invalid=0
2026-08-25 18:49:59.878 | LOCKSTEP | t=34.980 tx=1750 rx=3500 frame=1750 dropped=0 invalid=0
2026-08-25 18:50:04.366 | LOCKSTEP | t=35.980 tx=1800 rx=3600 frame=1800 dropped=0 invalid=0
2026-08-25 18:50:08.843 | LOCKSTEP | t=36.980 tx=1850 rx=3700 frame=1850 dropped=0 invalid=0
2026-08-25 18:50:13.178 | LOCKSTEP | t=37.980 tx=1900 rx=3800 frame=1900 dropped=0 invalid=0
2026-08-25 18:50:17.559 | LOCKSTEP | t=38.980 tx=1950 rx=3900 frame=1950 dropped=0 invalid=0
2026-08-25 18:50:21.901 | LOCKSTEP | t=39.980 tx=2000 rx=4000 frame=2000 dropped=0 invalid=0
2026-08-25 18:50:26.191 | LOCKSTEP | t=40.980 tx=2050 rx=4100 frame=2050 dropped=0 invalid=0
2026-08-25 18:50:30.481 | LOCKSTEP | t=41.980 tx=2100 rx=4200 frame=2100 dropped=0 invalid=0
2026-08-25 18:50:34.770 | LOCKSTEP | t=42.980 tx=2150 rx=4300 frame=2150 dropped=0 invalid=0
2026-08-25 18:50:39.083 | LOCKSTEP | t=43.980 tx=2200 rx=4400 frame=2200 dropped=0 invalid=0
2026-08-25 18:50:43.422 | LOCKSTEP | t=44.980 tx=2250 rx=4500 frame=2250 dropped=0 invalid=0
2026-08-25 18:50:47.780 | LOCKSTEP | t=45.980 tx=2300 rx=4600 frame=2300 dropped=0 invalid=0
2026-08-25 18:50:52.157 | LOCKSTEP | t=46.980 tx=2350 rx=4700 frame=2350 dropped=0 invalid=0
2026-08-25 18:50:56.494 | LOCKSTEP | t=47.980 tx=2400 rx=4800 frame=2400 dropped=0 invalid=0
2026-08-25 18:51:00.910 | LOCKSTEP | t=48.980 tx=2450 rx=4900 frame=2450 dropped=0 invalid=0
2026-08-25 18:51:05.478 | LOCKSTEP | t=49.980 tx=2500 rx=5000 frame=2500 dropped=0 invalid=0
2026-08-25 18:51:09.919 | LOCKSTEP | t=50.980 tx=2550 rx=5100 frame=2550 dropped=0 invalid=0
2026-08-25 18:51:14.281 | LOCKSTEP | t=51.980 tx=2600 rx=5200 frame=2600 dropped=0 invalid=0
2026-08-25 18:51:18.576 | LOCKSTEP | t=52.980 tx=2650 rx=5300 frame=2650 dropped=0 invalid=0
2026-08-25 18:51:24.752 | LOCKSTEP | t=53.980 tx=2700 rx=5400 frame=2700 dropped=0 invalid=0
2026-08-25 18:51:31.358 | LOCKSTEP | t=54.980 tx=2750 rx=5500 frame=2750 dropped=0 invalid=0
2026-08-25 18:51:39.890 | LOCKSTEP | t=55.980 tx=2800 rx=5600 frame=2800 dropped=0 invalid=0
2026-08-25 18:51:46.706 | LOCKSTEP | t=56.980 tx=2850 rx=5700 frame=2850 dropped=0 invalid=0
2026-08-25 18:51:53.150 | LOCKSTEP | t=57.980 tx=2900 rx=5800 frame=2900 dropped=0 invalid=0
2026-08-25 18:51:58.901 | LOCKSTEP | t=58.980 tx=2950 rx=5900 frame=2950 dropped=0 invalid=0
2026-08-25 18:52:04.802 | LOCKSTEP | t=59.980 tx=3000 rx=6000 frame=3000 dropped=0 invalid=0
2026-08-25 18:52:10.436 | LOCKSTEP | t=60.980 tx=3050 rx=6100 frame=3050 dropped=0 invalid=0
2026-08-25 18:52:16.303 | LOCKSTEP | t=61.980 tx=3100 rx=6200 frame=3100 dropped=0 invalid=0
2026-08-25 18:52:23.156 | LOCKSTEP | t=62.980 tx=3150 rx=6300 frame=3150 dropped=0 invalid=0
2026-08-25 18:52:29.270 | LOCKSTEP | t=63.980 tx=3200 rx=6400 frame=3200 dropped=0 invalid=0
2026-08-25 18:52:36.453 | LOCKSTEP | t=64.980 tx=3250 rx=6500 frame=3250 dropped=0 invalid=0
2026-08-25 18:52:43.454 | LOCKSTEP | t=65.980 tx=3300 rx=6600 frame=3300 dropped=0 invalid=0
2026-08-25 18:52:50.642 | LOCKSTEP | t=66.980 tx=3350 rx=6700 frame=3350 dropped=0 invalid=0
2026-08-25 18:52:57.736 | LOCKSTEP | t=67.980 tx=3400 rx=6800 frame=3400 dropped=0 invalid=0
2026-08-25 18:53:04.638 | LOCKSTEP | t=68.980 tx=3450 rx=6900 frame=3450 dropped=0 invalid=0
2026-08-25 18:53:10.757 | LOCKSTEP | t=69.980 tx=3500 rx=7000 frame=3500 dropped=0 invalid=0
2026-08-25 18:53:16.673 | LOCKSTEP | t=70.980 tx=3550 rx=7100 frame=3550 dropped=0 invalid=0
2026-08-25 18:53:22.680 | LOCKSTEP | t=71.980 tx=3600 rx=7200 frame=3600 dropped=0 invalid=0
2026-08-25 18:53:29.078 | LOCKSTEP | t=72.980 tx=3650 rx=7300 frame=3650 dropped=0 invalid=0
2026-08-25 18:53:37.763 | LOCKSTEP | t=73.980 tx=3700 rx=7400 frame=3700 dropped=0 invalid=0
2026-08-25 18:53:44.580 | LOCKSTEP | t=74.980 tx=3750 rx=7500 frame=3750 dropped=0 invalid=0
2026-08-25 18:53:51.283 | LOCKSTEP | t=75.980 tx=3800 rx=7600 frame=3800 dropped=0 invalid=0
2026-08-25 18:53:56.639 | LOCKSTEP | t=76.980 tx=3850 rx=7700 frame=3850 dropped=0 invalid=0
2026-08-25 18:54:02.081 | LOCKSTEP | t=77.980 tx=3900 rx=7800 frame=3900 dropped=0 invalid=0
2026-08-25 18:54:07.559 | LOCKSTEP | t=78.980 tx=3950 rx=7900 frame=3950 dropped=0 invalid=0
2026-08-25 18:54:12.945 | LOCKSTEP | t=79.980 tx=4000 rx=8000 frame=4000 dropped=0 invalid=0
2026-08-25 18:54:18.415 | LOCKSTEP | t=80.980 tx=4050 rx=8100 frame=4050 dropped=0 invalid=0
2026-08-25 18:54:23.874 | LOCKSTEP | t=81.980 tx=4100 rx=8200 frame=4100 dropped=0 invalid=0
2026-08-25 18:54:29.507 | LOCKSTEP | t=82.980 tx=4150 rx=8300 frame=4150 dropped=0 invalid=0
2026-08-25 18:54:34.987 | LOCKSTEP | t=83.980 tx=4200 rx=8400 frame=4200 dropped=0 invalid=0
2026-08-25 18:54:40.736 | LOCKSTEP | t=84.980 tx=4250 rx=8500 frame=4250 dropped=0 invalid=0
2026-08-25 18:54:46.287 | LOCKSTEP | t=85.980 tx=4300 rx=8600 frame=4300 dropped=0 invalid=0
2026-08-25 18:54:51.665 | LOCKSTEP | t=86.980 tx=4350 rx=8700 frame=4350 dropped=0 invalid=0
2026-08-25 18:54:57.084 | LOCKSTEP | t=87.980 tx=4400 rx=8800 frame=4400 dropped=0 invalid=0
2026-08-25 18:55:02.962 | LOCKSTEP | t=88.980 tx=4450 rx=8900 frame=4450 dropped=0 invalid=0
2026-08-25 18:55:08.444 | LOCKSTEP | t=89.980 tx=4500 rx=9000 frame=4500 dropped=0 invalid=0
2026-08-25 18:55:13.963 | LOCKSTEP | t=90.980 tx=4550 rx=9100 frame=4550 dropped=0 invalid=0
2026-08-25 18:55:19.475 | LOCKSTEP | t=91.980 tx=4600 rx=9200 frame=4600 dropped=0 invalid=0
2026-08-25 18:55:24.945 | LOCKSTEP | t=92.980 tx=4650 rx=9300 frame=4650 dropped=0 invalid=0
2026-08-25 18:55:30.407 | LOCKSTEP | t=93.980 tx=4700 rx=9400 frame=4700 dropped=0 invalid=0
2026-08-25 18:55:36.202 | LOCKSTEP | t=94.980 tx=4750 rx=9500 frame=4750 dropped=0 invalid=0
2026-08-25 18:55:41.762 | LOCKSTEP | t=95.980 tx=4800 rx=9600 frame=4800 dropped=0 invalid=0
2026-08-25 18:55:47.315 | LOCKSTEP | t=96.980 tx=4850 rx=9700 frame=4850 dropped=0 invalid=0
2026-08-25 18:55:53.002 | LOCKSTEP | t=97.980 tx=4900 rx=9800 frame=4900 dropped=0 invalid=0
2026-08-25 18:55:58.750 | LOCKSTEP | t=98.980 tx=4950 rx=9900 frame=4950 dropped=0 invalid=0
2026-08-25 18:56:04.481 | LOCKSTEP | t=99.980 tx=5000 rx=10000 frame=5000 dropped=0 invalid=0
2026-08-25 18:56:10.241 | LOCKSTEP | t=100.980 tx=5050 rx=10100 frame=5050 dropped=0 invalid=0
2026-08-25 18:56:16.041 | LOCKSTEP | t=101.980 tx=5100 rx=10200 frame=5100 dropped=0 invalid=0
2026-08-25 18:56:22.048 | LOCKSTEP | t=102.980 tx=5150 rx=10300 frame=5150 dropped=0 invalid=0
2026-08-25 18:56:28.121 | LOCKSTEP | t=103.980 tx=5200 rx=10400 frame=5200 dropped=0 invalid=0
2026-08-25 18:56:34.149 | LOCKSTEP | t=104.980 tx=5250 rx=10500 frame=5250 dropped=0 invalid=0
2026-08-25 18:56:40.084 | LOCKSTEP | t=105.980 tx=5300 rx=10600 frame=5300 dropped=0 invalid=0
2026-08-25 18:56:46.229 | LOCKSTEP | t=106.980 tx=5350 rx=10700 frame=5350 dropped=0 invalid=0
2026-08-25 18:56:51.597 | LOCKSTEP | t=107.980 tx=5400 rx=10800 frame=5400 dropped=0 invalid=0
2026-08-25 18:56:56.188 | LOCKSTEP | t=108.980 tx=5450 rx=10900 frame=5450 dropped=0 invalid=0
2026-08-25 18:57:00.881 | LOCKSTEP | t=109.980 tx=5500 rx=11000 frame=5500 dropped=0 invalid=0
2026-08-25 18:57:05.562 | LOCKSTEP | t=110.980 tx=5550 rx=11100 frame=5550 dropped=0 invalid=0
2026-08-25 18:57:10.176 | LOCKSTEP | t=111.980 tx=5600 rx=11200 frame=5600 dropped=0 invalid=0
2026-08-25 18:57:14.830 | LOCKSTEP | t=112.980 tx=5650 rx=11300 frame=5650 dropped=0 invalid=0
2026-08-25 18:57:19.817 | LOCKSTEP | t=113.980 tx=5700 rx=11400 frame=5700 dropped=0 invalid=0
2026-08-25 18:57:24.558 | LOCKSTEP | t=114.980 tx=5750 rx=11500 frame=5750 dropped=0 invalid=0
2026-08-25 18:57:29.191 | LOCKSTEP | t=115.980 tx=5800 rx=11600 frame=5800 dropped=0 invalid=0
2026-08-25 18:57:33.879 | LOCKSTEP | t=116.980 tx=5850 rx=11700 frame=5850 dropped=0 invalid=0
2026-08-25 18:57:38.634 | LOCKSTEP | t=117.980 tx=5900 rx=11800 frame=5900 dropped=0 invalid=0
2026-08-25 18:57:43.045 | LOCKSTEP | t=118.980 tx=5950 rx=11900 frame=5950 dropped=0 invalid=0
2026-08-25 18:57:47.610 | LOCKSTEP | t=119.980 tx=6000 rx=12000 frame=6000 dropped=0 invalid=0
2026-08-25 18:57:51.990 | LOCKSTEP | t=120.980 tx=6050 rx=12100 frame=6050 dropped=0 invalid=0
2026-08-25 18:57:56.277 | LOCKSTEP | t=121.980 tx=6100 rx=12200 frame=6100 dropped=0 invalid=0
2026-08-25 18:58:00.527 | LOCKSTEP | t=122.980 tx=6150 rx=12300 frame=6150 dropped=0 invalid=0
2026-08-25 18:58:04.859 | LOCKSTEP | t=123.980 tx=6200 rx=12400 frame=6200 dropped=0 invalid=0
2026-08-25 18:58:09.256 | LOCKSTEP | t=124.980 tx=6250 rx=12500 frame=6250 dropped=0 invalid=0
2026-08-25 18:58:13.639 | LOCKSTEP | t=125.980 tx=6300 rx=12600 frame=6300 dropped=0 invalid=0
2026-08-25 18:58:17.971 | LOCKSTEP | t=126.980 tx=6350 rx=12700 frame=6350 dropped=0 invalid=0
2026-08-25 18:58:22.283 | LOCKSTEP | t=127.980 tx=6400 rx=12800 frame=6400 dropped=0 invalid=0
2026-08-25 18:58:26.616 | LOCKSTEP | t=128.980 tx=6450 rx=12900 frame=6450 dropped=0 invalid=0
2026-08-25 18:58:30.897 | LOCKSTEP | t=129.980 tx=6500 rx=13000 frame=6500 dropped=0 invalid=0
2026-08-25 18:58:35.481 | LOCKSTEP | t=130.980 tx=6550 rx=13100 frame=6550 dropped=0 invalid=0
2026-08-25 18:58:39.802 | LOCKSTEP | t=131.980 tx=6600 rx=13200 frame=6600 dropped=0 invalid=0
2026-08-25 18:58:44.114 | LOCKSTEP | t=132.980 tx=6650 rx=13300 frame=6650 dropped=0 invalid=0
2026-08-25 18:58:48.617 | LOCKSTEP | t=133.980 tx=6700 rx=13400 frame=6700 dropped=0 invalid=0
2026-08-25 18:58:53.140 | LOCKSTEP | t=134.980 tx=6750 rx=13500 frame=6750 dropped=0 invalid=0
2026-08-25 18:58:57.528 | LOCKSTEP | t=135.980 tx=6800 rx=13600 frame=6800 dropped=0 invalid=0
2026-08-25 18:59:01.898 | LOCKSTEP | t=136.980 tx=6850 rx=13700 frame=6850 dropped=0 invalid=0
2026-08-25 18:59:06.290 | LOCKSTEP | t=137.980 tx=6900 rx=13800 frame=6900 dropped=0 invalid=0
2026-08-25 18:59:10.656 | LOCKSTEP | t=138.980 tx=6950 rx=13900 frame=6950 dropped=0 invalid=0
2026-08-25 18:59:15.080 | LOCKSTEP | t=139.980 tx=7000 rx=14000 frame=7000 dropped=0 invalid=0
2026-08-25 18:59:19.470 | LOCKSTEP | t=140.980 tx=7050 rx=14100 frame=7050 dropped=0 invalid=0
2026-08-25 18:59:23.826 | LOCKSTEP | t=141.980 tx=7100 rx=14200 frame=7100 dropped=0 invalid=0
2026-08-25 18:59:28.151 | LOCKSTEP | t=142.980 tx=7150 rx=14300 frame=7150 dropped=0 invalid=0
2026-08-25 18:59:32.688 | LOCKSTEP | t=143.980 tx=7200 rx=14400 frame=7200 dropped=0 invalid=0
2026-08-25 18:59:37.031 | LOCKSTEP | t=144.980 tx=7250 rx=14500 frame=7250 dropped=0 invalid=0
2026-08-25 18:59:41.355 | LOCKSTEP | t=145.980 tx=7300 rx=14600 frame=7300 dropped=0 invalid=0
2026-08-25 18:59:45.716 | LOCKSTEP | t=146.980 tx=7350 rx=14700 frame=7350 dropped=0 invalid=0
2026-08-25 18:59:50.098 | LOCKSTEP | t=147.980 tx=7400 rx=14800 frame=7400 dropped=0 invalid=0
2026-08-25 18:59:54.456 | LOCKSTEP | t=148.980 tx=7450 rx=14900 frame=7450 dropped=0 invalid=0
2026-08-25 18:59:58.832 | LOCKSTEP | t=149.980 tx=7500 rx=15000 frame=7500 dropped=0 invalid=0
2026-08-25 19:00:03.224 | LOCKSTEP | t=150.980 tx=7550 rx=15100 frame=7550 dropped=0 invalid=0
2026-08-25 19:00:07.547 | LOCKSTEP | t=151.980 tx=7600 rx=15200 frame=7600 dropped=0 invalid=0
2026-08-25 19:00:11.863 | LOCKSTEP | t=152.980 tx=7650 rx=15300 frame=7650 dropped=0 invalid=0
2026-08-25 19:00:16.164 | LOCKSTEP | t=153.980 tx=7700 rx=15400 frame=7700 dropped=0 invalid=0
2026-08-25 19:00:20.544 | LOCKSTEP | t=154.980 tx=7750 rx=15500 frame=7750 dropped=0 invalid=0
2026-08-25 19:00:23.515 | OFFICIAL_FINISHED_EXCITATION_NEUTRAL | t=155.620
2026-08-25 19:00:25.138 | LOCKSTEP | t=155.980 tx=7800 rx=15600 frame=7800 dropped=0 invalid=0
2026-08-25 19:00:29.480 | LOCKSTEP | t=156.980 tx=7850 rx=15700 frame=7850 dropped=0 invalid=0
2026-08-25 19:00:33.770 | LOCKSTEP | t=157.980 tx=7900 rx=15800 frame=7900 dropped=0 invalid=0
2026-08-25 19:00:38.104 | LOCKSTEP | t=158.980 tx=7950 rx=15900 frame=7950 dropped=0 invalid=0
2026-08-25 19:00:42.448 | LOCKSTEP | t=159.980 tx=8000 rx=16000 frame=8000 dropped=0 invalid=0
2026-08-25 19:00:46.790 | LOCKSTEP | t=160.980 tx=8050 rx=16100 frame=8050 dropped=0 invalid=0
2026-08-25 19:00:51.141 | LOCKSTEP | t=161.980 tx=8100 rx=16200 frame=8100 dropped=0 invalid=0
2026-08-25 19:00:55.565 | LOCKSTEP | t=162.980 tx=8150 rx=16300 frame=8150 dropped=0 invalid=0
2026-08-25 19:00:59.990 | LOCKSTEP | t=163.980 tx=8200 rx=16400 frame=8200 dropped=0 invalid=0
2026-08-25 19:01:04.498 | LOCKSTEP | t=164.980 tx=8250 rx=16500 frame=8250 dropped=0 invalid=0
2026-08-25 19:01:08.837 | LOCKSTEP | t=165.980 tx=8300 rx=16600 frame=8300 dropped=0 invalid=0
2026-08-25 19:01:13.280 | LOCKSTEP | t=166.980 tx=8350 rx=16700 frame=8350 dropped=0 invalid=0
2026-08-25 19:01:17.625 | LOCKSTEP | t=167.980 tx=8400 rx=16800 frame=8400 dropped=0 invalid=0
2026-08-25 19:01:21.959 | LOCKSTEP | t=168.980 tx=8450 rx=16900 frame=8450 dropped=0 invalid=0
2026-08-25 19:01:26.301 | LOCKSTEP | t=169.980 tx=8500 rx=17000 frame=8500 dropped=0 invalid=0
2026-08-25 19:01:30.705 | LOCKSTEP | t=170.980 tx=8550 rx=17100 frame=8550 dropped=0 invalid=0
2026-08-25 19:01:35.037 | LOCKSTEP | t=171.980 tx=8600 rx=17200 frame=8600 dropped=0 invalid=0
2026-08-25 19:01:39.388 | LOCKSTEP | t=172.980 tx=8650 rx=17300 frame=8650 dropped=0 invalid=0
2026-08-25 19:01:43.715 | LOCKSTEP | t=173.980 tx=8700 rx=17400 frame=8700 dropped=0 invalid=0
2026-08-25 19:01:48.131 | LOCKSTEP | t=174.980 tx=8750 rx=17500 frame=8750 dropped=0 invalid=0
2026-08-25 19:01:52.445 | LOCKSTEP | t=175.980 tx=8800 rx=17600 frame=8800 dropped=0 invalid=0
2026-08-25 19:01:56.875 | LOCKSTEP | t=176.980 tx=8850 rx=17700 frame=8850 dropped=0 invalid=0
2026-08-25 19:02:01.255 | LOCKSTEP | t=177.980 tx=8900 rx=17800 frame=8900 dropped=0 invalid=0
2026-08-25 19:02:05.734 | LOCKSTEP | t=178.980 tx=8950 rx=17900 frame=8950 dropped=0 invalid=0
2026-08-25 19:02:10.214 | LOCKSTEP | t=179.980 tx=9000 rx=18000 frame=9000 dropped=0 invalid=0
2026-08-25 19:02:14.605 | LOCKSTEP | t=180.980 tx=9050 rx=18100 frame=9050 dropped=0 invalid=0
2026-08-25 19:02:19.100 | LOCKSTEP | t=181.980 tx=9100 rx=18200 frame=9100 dropped=0 invalid=0
2026-08-25 19:02:23.779 | LOCKSTEP | t=182.980 tx=9150 rx=18300 frame=9150 dropped=0 invalid=0
2026-08-25 19:02:23.933 | STATE | RUNNING -> STOPPING | Bridge delete requested
2026-08-25 19:02:24.113 | ADAPTER_CLOSED | tx=9151 rx=18302 dropped=0 invalid=0
