V5.2 ArduPlane JSON adapter log
2026-08-25 17:16:02.386 | ADAPTER_CREATED | run_dir=E:\动力学搭建\成品\UAV_Autotune_v5_4_1_Validation_Fix\results\v5_4_1\campaigns\20260825_170738_275_repeatability_level2\pitch\trial_3\20260825_171540_370_native_pitch_autotune_repeat_3
2026-08-25 17:16:02.575 | STATE | STARTING -> WAITING_FOR_SITL | UDP listener ready
2026-08-25 17:16:02.584 | UDP_LISTEN | local=0.0.0.0:9002
2026-08-25 17:16:03.069 | STATE | WAITING_FOR_SITL -> CONNECTED | First valid servo frame received
2026-08-25 17:16:03.074 | BIDIRECTIONAL_HANDSHAKE | sender=172.26.48.74:57163 frame=0
2026-08-25 17:16:03.289 | RATE_BOOTSTRAP | initial_request_hz=1200.000 applied_step_s=0.020000
2026-08-25 17:16:03.590 | STATE | CONNECTED -> READY | Fresh frame=1 timestamp=0.020000 and PWM mapping valid
2026-08-25 17:16:03.596 | STATE | READY -> RUNNING | Lock-step exchange active
2026-08-25 17:16:08.938 | LOCKSTEP | t=0.980 tx=50 rx=51 frame=50 dropped=0 invalid=0
2026-08-25 17:16:14.388 | LOCKSTEP | t=1.980 tx=100 rx=101 frame=100 dropped=0 invalid=0
2026-08-25 17:16:20.020 | LOCKSTEP | t=2.980 tx=150 rx=151 frame=150 dropped=0 invalid=0
2026-08-25 17:16:25.583 | LOCKSTEP | t=3.980 tx=200 rx=201 frame=200 dropped=0 invalid=0
2026-08-25 17:16:30.695 | LOCKSTEP | t=4.980 tx=250 rx=251 frame=250 dropped=0 invalid=0
2026-08-25 17:16:35.938 | LOCKSTEP | t=5.980 tx=300 rx=301 frame=300 dropped=0 invalid=0
2026-08-25 17:16:40.801 | LOCKSTEP | t=6.980 tx=350 rx=351 frame=350 dropped=0 invalid=0
2026-08-25 17:16:45.831 | LOCKSTEP | t=7.980 tx=400 rx=401 frame=400 dropped=0 invalid=0
2026-08-25 17:16:50.717 | LOCKSTEP | t=8.980 tx=450 rx=451 frame=450 dropped=0 invalid=0
2026-08-25 17:16:55.608 | LOCKSTEP | t=9.980 tx=500 rx=501 frame=500 dropped=0 invalid=0
2026-08-25 17:17:00.565 | LOCKSTEP | t=10.980 tx=550 rx=551 frame=550 dropped=0 invalid=0
2026-08-25 17:17:05.629 | LOCKSTEP | t=11.980 tx=600 rx=601 frame=600 dropped=0 invalid=0
2026-08-25 17:17:10.791 | LOCKSTEP | t=12.980 tx=650 rx=651 frame=650 dropped=0 invalid=0
2026-08-25 17:17:15.840 | LOCKSTEP | t=13.980 tx=700 rx=701 frame=700 dropped=0 invalid=0
2026-08-25 17:17:20.807 | LOCKSTEP | t=14.980 tx=750 rx=751 frame=750 dropped=0 invalid=0
2026-08-25 17:17:25.883 | LOCKSTEP | t=15.980 tx=800 rx=801 frame=800 dropped=0 invalid=0
2026-08-25 17:17:30.695 | LOCKSTEP | t=16.980 tx=850 rx=851 frame=850 dropped=0 invalid=0
2026-08-25 17:17:35.516 | LOCKSTEP | t=17.980 tx=900 rx=901 frame=900 dropped=0 invalid=0
2026-08-25 17:17:40.328 | LOCKSTEP | t=18.980 tx=950 rx=951 frame=950 dropped=0 invalid=0
2026-08-25 17:17:45.329 | LOCKSTEP | t=19.980 tx=1000 rx=1001 frame=1000 dropped=0 invalid=0
2026-08-25 17:17:50.183 | LOCKSTEP | t=20.980 tx=1050 rx=1051 frame=1050 dropped=0 invalid=0
2026-08-25 17:17:54.751 | LOCKSTEP | t=21.980 tx=1100 rx=1101 frame=1100 dropped=0 invalid=0
2026-08-25 17:17:59.350 | LOCKSTEP | t=22.980 tx=1150 rx=1151 frame=1150 dropped=0 invalid=0
2026-08-25 17:18:03.937 | LOCKSTEP | t=23.980 tx=1200 rx=1201 frame=1200 dropped=0 invalid=0
2026-08-25 17:18:08.474 | LOCKSTEP | t=24.980 tx=1250 rx=1251 frame=1250 dropped=0 invalid=0
2026-08-25 17:18:15.259 | LOCKSTEP | t=25.980 tx=1300 rx=1301 frame=1300 dropped=0 invalid=0
2026-08-25 17:18:22.427 | LOCKSTEP | t=26.980 tx=1350 rx=1351 frame=1350 dropped=0 invalid=0
2026-08-25 17:18:28.330 | LOCKSTEP | t=27.980 tx=1400 rx=1401 frame=1400 dropped=0 invalid=0
2026-08-25 17:18:34.390 | LOCKSTEP | t=28.980 tx=1450 rx=1451 frame=1450 dropped=0 invalid=0
2026-08-25 17:18:39.326 | LOCKSTEP | t=29.980 tx=1500 rx=1501 frame=1500 dropped=0 invalid=0
2026-08-25 17:18:43.822 | LOCKSTEP | t=30.980 tx=1550 rx=1551 frame=1550 dropped=0 invalid=0
2026-08-25 17:18:49.187 | LOCKSTEP | t=31.980 tx=1600 rx=1601 frame=1600 dropped=0 invalid=0
2026-08-25 17:18:55.099 | LOCKSTEP | t=32.980 tx=1650 rx=1651 frame=1650 dropped=0 invalid=0
2026-08-25 17:18:59.728 | LOCKSTEP | t=33.980 tx=1700 rx=1701 frame=1700 dropped=0 invalid=0
2026-08-25 17:19:07.270 | LOCKSTEP | t=34.980 tx=1750 rx=1751 frame=1750 dropped=0 invalid=0
2026-08-25 17:19:14.520 | LOCKSTEP | t=35.980 tx=1800 rx=1801 frame=1800 dropped=0 invalid=0
2026-08-25 17:19:20.681 | LOCKSTEP | t=36.980 tx=1850 rx=1851 frame=1850 dropped=0 invalid=0
2026-08-25 17:19:25.425 | LOCKSTEP | t=37.980 tx=1900 rx=1901 frame=1900 dropped=0 invalid=0
2026-08-25 17:19:31.306 | LOCKSTEP | t=38.980 tx=1950 rx=1951 frame=1950 dropped=0 invalid=0
2026-08-25 17:19:36.821 | LOCKSTEP | t=39.980 tx=2000 rx=2001 frame=2000 dropped=0 invalid=0
2026-08-25 17:19:42.919 | LOCKSTEP | t=40.980 tx=2050 rx=2051 frame=2050 dropped=0 invalid=0
2026-08-25 17:19:47.793 | LOCKSTEP | t=41.980 tx=2100 rx=2101 frame=2100 dropped=0 invalid=0
2026-08-25 17:19:52.415 | LOCKSTEP | t=42.980 tx=2150 rx=2151 frame=2150 dropped=0 invalid=0
2026-08-25 17:19:57.333 | LOCKSTEP | t=43.980 tx=2200 rx=2201 frame=2200 dropped=0 invalid=0
2026-08-25 17:20:04.031 | LOCKSTEP | t=44.980 tx=2250 rx=2251 frame=2250 dropped=0 invalid=0
2026-08-25 17:20:08.467 | LOCKSTEP | t=45.980 tx=2300 rx=2301 frame=2300 dropped=0 invalid=0
2026-08-25 17:20:13.033 | LOCKSTEP | t=46.980 tx=2350 rx=2351 frame=2350 dropped=0 invalid=0
2026-08-25 17:20:18.361 | LOCKSTEP | t=47.980 tx=2400 rx=2401 frame=2400 dropped=0 invalid=0
2026-08-25 17:20:23.660 | LOCKSTEP | t=48.980 tx=2450 rx=2451 frame=2450 dropped=0 invalid=0
2026-08-25 17:20:28.731 | LOCKSTEP | t=49.980 tx=2500 rx=2501 frame=2500 dropped=0 invalid=0
2026-08-25 17:20:33.172 | LOCKSTEP | t=50.980 tx=2550 rx=2551 frame=2550 dropped=0 invalid=0
2026-08-25 17:20:37.800 | LOCKSTEP | t=51.980 tx=2600 rx=2601 frame=2600 dropped=0 invalid=0
2026-08-25 17:20:42.498 | LOCKSTEP | t=52.980 tx=2650 rx=2651 frame=2650 dropped=0 invalid=0
2026-08-25 17:20:47.274 | LOCKSTEP | t=53.980 tx=2700 rx=2701 frame=2700 dropped=0 invalid=0
2026-08-25 17:20:51.765 | LOCKSTEP | t=54.980 tx=2750 rx=2751 frame=2750 dropped=0 invalid=0
2026-08-25 17:20:56.615 | LOCKSTEP | t=55.980 tx=2800 rx=2801 frame=2800 dropped=0 invalid=0
2026-08-25 17:21:01.373 | LOCKSTEP | t=56.980 tx=2850 rx=2851 frame=2850 dropped=0 invalid=0
2026-08-25 17:21:05.657 | LOCKSTEP | t=57.980 tx=2900 rx=2901 frame=2900 dropped=0 invalid=0
2026-08-25 17:21:09.879 | LOCKSTEP | t=58.980 tx=2950 rx=2951 frame=2950 dropped=0 invalid=0
2026-08-25 17:21:14.077 | LOCKSTEP | t=59.980 tx=3000 rx=3001 frame=3000 dropped=0 invalid=0
2026-08-25 17:21:18.298 | LOCKSTEP | t=60.980 tx=3050 rx=3051 frame=3050 dropped=0 invalid=0
2026-08-25 17:21:22.502 | LOCKSTEP | t=61.980 tx=3100 rx=3101 frame=3100 dropped=0 invalid=0
2026-08-25 17:21:26.773 | LOCKSTEP | t=62.980 tx=3150 rx=3151 frame=3150 dropped=0 invalid=0
2026-08-25 17:21:31.028 | LOCKSTEP | t=63.980 tx=3200 rx=3201 frame=3200 dropped=0 invalid=0
2026-08-25 17:21:35.436 | LOCKSTEP | t=64.980 tx=3250 rx=3251 frame=3250 dropped=0 invalid=0
2026-08-25 17:21:39.875 | LOCKSTEP | t=65.980 tx=3300 rx=3301 frame=3300 dropped=0 invalid=0
2026-08-25 17:21:44.240 | LOCKSTEP | t=66.980 tx=3350 rx=3351 frame=3350 dropped=0 invalid=0
2026-08-25 17:21:51.429 | LOCKSTEP | t=67.980 tx=3400 rx=3401 frame=3400 dropped=0 invalid=0
2026-08-25 17:21:58.572 | LOCKSTEP | t=68.980 tx=3450 rx=3451 frame=3450 dropped=0 invalid=0
2026-08-25 17:22:04.740 | LOCKSTEP | t=69.980 tx=3500 rx=3501 frame=3500 dropped=0 invalid=0
2026-08-25 17:22:09.793 | LOCKSTEP | t=70.980 tx=3550 rx=3551 frame=3550 dropped=0 invalid=0
2026-08-25 17:22:16.456 | LOCKSTEP | t=71.980 tx=3600 rx=3601 frame=3600 dropped=0 invalid=0
2026-08-25 17:22:22.229 | LOCKSTEP | t=72.980 tx=3650 rx=3651 frame=3650 dropped=0 invalid=0
2026-08-25 17:22:27.710 | LOCKSTEP | t=73.980 tx=3700 rx=3701 frame=3700 dropped=0 invalid=0
2026-08-25 17:22:32.700 | LOCKSTEP | t=74.980 tx=3750 rx=3751 frame=3750 dropped=0 invalid=0
2026-08-25 17:22:38.325 | LOCKSTEP | t=75.980 tx=3800 rx=3801 frame=3800 dropped=0 invalid=0
2026-08-25 17:22:45.577 | LOCKSTEP | t=76.980 tx=3850 rx=3851 frame=3850 dropped=0 invalid=0
2026-08-25 17:22:52.539 | LOCKSTEP | t=77.980 tx=3900 rx=3901 frame=3900 dropped=0 invalid=0
2026-08-25 17:22:59.234 | LOCKSTEP | t=78.980 tx=3950 rx=3951 frame=3950 dropped=0 invalid=0
2026-08-25 17:23:04.443 | LOCKSTEP | t=79.980 tx=4000 rx=4001 frame=4000 dropped=0 invalid=0
2026-08-25 17:23:08.148 | MODE_GATE_ABORT_REQUESTED | t=80.740
2026-08-25 17:23:09.444 | LOCKSTEP | t=80.980 tx=4050 rx=4051 frame=4050 dropped=0 invalid=0
2026-08-25 17:23:14.249 | LOCKSTEP | t=81.980 tx=4100 rx=4101 frame=4100 dropped=0 invalid=0
2026-08-25 17:23:17.844 | STATE | RUNNING -> STOPPING | Bridge delete requested
2026-08-25 17:23:18.002 | ADAPTER_CLOSED | tx=4137 rx=4138 dropped=0 invalid=0
